#2026 05 26 09:51:29.176#Z#DEBUG#54eb74fc-58e8-11f1-a04b-eeee0a8789dc.ServicioRRHH-db-deployer#flowable-async-job-executor-thread-1672#
[PollStageAppStatusExecution] 7a593235-4373-46e3-884a-87fc551daff3 [2026-05-26T09:50:51.424388] Added process: "web" (STDOUT, API)#
#2026 05 26 09:51:29.176#Z#DEBUG#54eb74fc-58e8-11f1-a04b-eeee0a8789dc.ServicioRRHH-db-deployer#flowable-async-job-executor-thread-1672#
[PollStageAppStatusExecution] 7a593235-4373-46e3-884a-87fc551daff3 [2026-05-26T09:50:51.430817] Created app with guid 7a593235-4373-46e3-884a-87fc551daff3 (STDOUT, API)#
#2026 05 26 09:51:29.176#Z#DEBUG#54eb74fc-58e8-11f1-a04b-eeee0a8789dc.ServicioRRHH-db-deployer#flowable-async-job-executor-thread-1672#
[PollStageAppStatusExecution] 7a593235-4373-46e3-884a-87fc551daff3 [2026-05-26T09:50:51.514320] Updating process: "web" (STDOUT, API)#
#2026 05 26 09:51:29.176#Z#DEBUG#54eb74fc-58e8-11f1-a04b-eeee0a8789dc.ServicioRRHH-db-deployer#flowable-async-job-executor-thread-1672#
[PollStageAppStatusExecution] 7a593235-4373-46e3-884a-87fc551daff3 [2026-05-26T09:50:51.569559] Scaling process: "web" (STDOUT, API)#
#2026 05 26 09:51:29.176#Z#DEBUG#54eb74fc-58e8-11f1-a04b-eeee0a8789dc.ServicioRRHH-db-deployer#flowable-async-job-executor-thread-1672#
[PollStageAppStatusExecution] 7a593235-4373-46e3-884a-87fc551daff3 [2026-05-26T09:51:09.123202] Uploading app package for app with guid 7a593235-4373-46e3-884a-87fc551daff3 (STDOUT, API)#
#2026 05 26 09:51:29.176#Z#DEBUG#54eb74fc-58e8-11f1-a04b-eeee0a8789dc.ServicioRRHH-db-deployer#flowable-async-job-executor-thread-1672#
[PollStageAppStatusExecution] 7a593235-4373-46e3-884a-87fc551daff3 [2026-05-26T09:51:09.341024] Updated app with guid 7a593235-4373-46e3-884a-87fc551daff3 ({"environment_variables"=>"[PRIVATE DATA HIDDEN]"}) (STDOUT, API)#
#2026 05 26 09:51:29.176#Z#DEBUG#54eb74fc-58e8-11f1-a04b-eeee0a8789dc.ServicioRRHH-db-deployer#flowable-async-job-executor-thread-1672#
[PollStageAppStatusExecution] 7a593235-4373-46e3-884a-87fc551daff3 [2026-05-26T09:51:19.243575] Creating build for app with guid 7a593235-4373-46e3-884a-87fc551daff3 (STDOUT, API)#
#2026 05 26 09:51:29.176#Z#DEBUG#54eb74fc-58e8-11f1-a04b-eeee0a8789dc.ServicioRRHH-db-deployer#flowable-async-job-executor-thread-1672#
[PollStageAppStatusExecution] 7a593235-4373-46e3-884a-87fc551daff3 [2026-05-26T09:51:19.724586] Downloading nodejs_buildpack... (STDOUT, STG)#
#2026 05 26 09:51:29.176#Z#DEBUG#54eb74fc-58e8-11f1-a04b-eeee0a8789dc.ServicioRRHH-db-deployer#flowable-async-job-executor-thread-1672#
[PollStageAppStatusExecution] 7a593235-4373-46e3-884a-87fc551daff3 [2026-05-26T09:51:19.777642] Downloaded nodejs_buildpack (STDOUT, STG)#
#2026 05 26 09:51:29.176#Z#DEBUG#54eb74fc-58e8-11f1-a04b-eeee0a8789dc.ServicioRRHH-db-deployer#flowable-async-job-executor-thread-1672#
[PollStageAppStatusExecution] 7a593235-4373-46e3-884a-87fc551daff3 [2026-05-26T09:51:19.778239] Cell 77283d80-dfa7-40ba-ba4e-265aef112085 creating container for instance eadb32ed-60bb-460d-a786-f45fd94ae624 (STDOUT, STG)#
#2026 05 26 09:51:29.176#Z#DEBUG#54eb74fc-58e8-11f1-a04b-eeee0a8789dc.ServicioRRHH-db-deployer#flowable-async-job-executor-thread-1672#
[PollStageAppStatusExecution] 7a593235-4373-46e3-884a-87fc551daff3 [2026-05-26T09:51:20.775403] Security group rules were updated (STDOUT, STG)#
#2026 05 26 09:51:29.176#Z#DEBUG#54eb74fc-58e8-11f1-a04b-eeee0a8789dc.ServicioRRHH-db-deployer#flowable-async-job-executor-thread-1672#
[PollStageAppStatusExecution] 7a593235-4373-46e3-884a-87fc551daff3 [2026-05-26T09:51:20.882818] Cell 77283d80-dfa7-40ba-ba4e-265aef112085 successfully created container for instance eadb32ed-60bb-460d-a786-f45fd94ae624 (STDOUT, STG)#
#2026 05 26 09:51:29.176#Z#DEBUG#54eb74fc-58e8-11f1-a04b-eeee0a8789dc.ServicioRRHH-db-deployer#flowable-async-job-executor-thread-1672#
[PollStageAppStatusExecution] 7a593235-4373-46e3-884a-87fc551daff3 [2026-05-26T09:51:21.992618] Downloading app package... (STDOUT, STG)#
#2026 05 26 09:51:29.176#Z#DEBUG#54eb74fc-58e8-11f1-a04b-eeee0a8789dc.ServicioRRHH-db-deployer#flowable-async-job-executor-thread-1672#
[PollStageAppStatusExecution] 7a593235-4373-46e3-884a-87fc551daff3 [2026-05-26T09:51:22.387622] Downloaded app package (2.3M) (STDOUT, STG)#
#2026 05 26 09:51:29.176#Z#DEBUG#54eb74fc-58e8-11f1-a04b-eeee0a8789dc.ServicioRRHH-db-deployer#flowable-async-job-executor-thread-1672#
[PollStageAppStatusExecution] 7a593235-4373-46e3-884a-87fc551daff3 [2026-05-26T09:51:22.514892] -----> Nodejs Buildpack version 1.8.44 (STDOUT, STG)#
#2026 05 26 09:51:29.176#Z#DEBUG#54eb74fc-58e8-11f1-a04b-eeee0a8789dc.ServicioRRHH-db-deployer#flowable-async-job-executor-thread-1672#
[PollStageAppStatusExecution] 7a593235-4373-46e3-884a-87fc551daff3 [2026-05-26T09:51:22.661822] -----> Bootstrapping python (STDOUT, STG)#
#2026 05 26 09:51:29.176#Z#DEBUG#54eb74fc-58e8-11f1-a04b-eeee0a8789dc.ServicioRRHH-db-deployer#flowable-async-job-executor-thread-1672#
[PollStageAppStatusExecution] 7a593235-4373-46e3-884a-87fc551daff3 [2026-05-26T09:51:22.661852] -----> Installing python 3.11.14 (STDOUT, STG)#
#2026 05 26 09:51:29.176#Z#DEBUG#54eb74fc-58e8-11f1-a04b-eeee0a8789dc.ServicioRRHH-db-deployer#flowable-async-job-executor-thread-1672#
[PollStageAppStatusExecution] 7a593235-4373-46e3-884a-87fc551daff3 [2026-05-26T09:51:22.662097] Copy [/tmp/buildpacks/978cee5ec9c58000/dependencies/b5e0345ae0ae1932e7d56fffaa49a487/python_3.11.14_linux_x64_cflinuxfs4_66f53248.tgz] (STDOUT, STG)#
#2026 05 26 09:51:29.176#Z#DEBUG#54eb74fc-58e8-11f1-a04b-eeee0a8789dc.ServicioRRHH-db-deployer#flowable-async-job-executor-thread-1672#
[PollStageAppStatusExecution] 7a593235-4373-46e3-884a-87fc551daff3 [2026-05-26T09:51:27.139801] -----> Installing binaries (STDOUT, STG)#
#2026 05 26 09:51:29.176#Z#DEBUG#54eb74fc-58e8-11f1-a04b-eeee0a8789dc.ServicioRRHH-db-deployer#flowable-async-job-executor-thread-1672#
[PollStageAppStatusExecution] 7a593235-4373-46e3-884a-87fc551daff3 [2026-05-26T09:51:27.139936] engines.node (package.json): >=18 (STDOUT, STG)#
#2026 05 26 09:51:29.176#Z#DEBUG#54eb74fc-58e8-11f1-a04b-eeee0a8789dc.ServicioRRHH-db-deployer#flowable-async-job-executor-thread-1672#
[PollStageAppStatusExecution] 7a593235-4373-46e3-884a-87fc551daff3 [2026-05-26T09:51:27.139970] engines.npm (package.json): unspecified (use default) (STDOUT, STG)#
#2026 05 26 09:51:29.176#Z#DEBUG#54eb74fc-58e8-11f1-a04b-eeee0a8789dc.ServicioRRHH-db-deployer#flowable-async-job-executor-thread-1672#
[PollStageAppStatusExecution] 7a593235-4373-46e3-884a-87fc551daff3 [2026-05-26T09:51:27.140057] [31;1m**WARNING**[0m Dangerous semver range (>) in engines.node. See: http://docs.cloudfoundry.org/buildpacks/node/node-tips.html (STDOUT, STG)#
#2026 05 26 09:51:29.176#Z#DEBUG#54eb74fc-58e8-11f1-a04b-eeee0a8789dc.ServicioRRHH-db-deployer#flowable-async-job-executor-thread-1672#
[PollStageAppStatusExecution] 7a593235-4373-46e3-884a-87fc551daff3 [2026-05-26T09:51:27.140212] -----> Installing node 24.13.0 (STDOUT, STG)#
#2026 05 26 09:51:29.176#Z#DEBUG#54eb74fc-58e8-11f1-a04b-eeee0a8789dc.ServicioRRHH-db-deployer#flowable-async-job-executor-thread-1672#
[PollStageAppStatusExecution] 7a593235-4373-46e3-884a-87fc551daff3 [2026-05-26T09:51:27.140486] Copy [/tmp/buildpacks/978cee5ec9c58000/dependencies/2f5692219fecc3eee6e6d507a6bfe7b9/node_24.13.0_linux_x64_cflinuxfs4_a816dee1.tgz] (STDOUT, STG)#
#2026 05 26 09:51:39.258#Z#DEBUG#54eb74fc-58e8-11f1-a04b-eeee0a8789dc.ServicioRRHH-db-deployer#flowable-async-job-executor-thread-1626#
[PollStageAppStatusExecution] 7a593235-4373-46e3-884a-87fc551daff3 [2026-05-26T09:51:30.039085] Using default npm version: 11.6.2 (STDOUT, STG)#
#2026 05 26 09:51:39.258#Z#DEBUG#54eb74fc-58e8-11f1-a04b-eeee0a8789dc.ServicioRRHH-db-deployer#flowable-async-job-executor-thread-1626#
[PollStageAppStatusExecution] 7a593235-4373-46e3-884a-87fc551daff3 [2026-05-26T09:51:30.039110] -----> Installing yarn 1.22.22 (STDOUT, STG)#
#2026 05 26 09:51:39.258#Z#DEBUG#54eb74fc-58e8-11f1-a04b-eeee0a8789dc.ServicioRRHH-db-deployer#flowable-async-job-executor-thread-1626#
[PollStageAppStatusExecution] 7a593235-4373-46e3-884a-87fc551daff3 [2026-05-26T09:51:30.039192] Copy [/tmp/buildpacks/978cee5ec9c58000/dependencies/e3a39aedd1236924d69cc2d0637a8ed2/yarn_1.22.22_linux_noarch_any-stack_4911d0a6.tgz] (STDOUT, STG)#
#2026 05 26 09:51:39.258#Z#DEBUG#54eb74fc-58e8-11f1-a04b-eeee0a8789dc.ServicioRRHH-db-deployer#flowable-async-job-executor-thread-1626#
[PollStageAppStatusExecution] 7a593235-4373-46e3-884a-87fc551daff3 [2026-05-26T09:51:30.394241] Installed yarn 1.22.22 (STDOUT, STG)#
#2026 05 26 09:51:39.258#Z#DEBUG#54eb74fc-58e8-11f1-a04b-eeee0a8789dc.ServicioRRHH-db-deployer#flowable-async-job-executor-thread-1626#
[PollStageAppStatusExecution] 7a593235-4373-46e3-884a-87fc551daff3 [2026-05-26T09:51:30.394272] -----> Creating runtime environment (STDOUT, STG)#
#2026 05 26 09:51:39.258#Z#DEBUG#54eb74fc-58e8-11f1-a04b-eeee0a8789dc.ServicioRRHH-db-deployer#flowable-async-job-executor-thread-1626#
[PollStageAppStatusExecution] 7a593235-4373-46e3-884a-87fc551daff3 [2026-05-26T09:51:30.396358] NODE_ENV=production (STDOUT, STG)#
#2026 05 26 09:51:39.258#Z#DEBUG#54eb74fc-58e8-11f1-a04b-eeee0a8789dc.ServicioRRHH-db-deployer#flowable-async-job-executor-thread-1626#
[PollStageAppStatusExecution] 7a593235-4373-46e3-884a-87fc551daff3 [2026-05-26T09:51:30.396376] NODE_HOME=/tmp/contents3587177425/deps/0/node (STDOUT, STG)#
#2026 05 26 09:51:39.258#Z#DEBUG#54eb74fc-58e8-11f1-a04b-eeee0a8789dc.ServicioRRHH-db-deployer#flowable-async-job-executor-thread-1626#
[PollStageAppStatusExecution] 7a593235-4373-46e3-884a-87fc551daff3 [2026-05-26T09:51:30.396379] NODE_MODULES_CACHE=true (STDOUT, STG)#
#2026 05 26 09:51:39.258#Z#DEBUG#54eb74fc-58e8-11f1-a04b-eeee0a8789dc.ServicioRRHH-db-deployer#flowable-async-job-executor-thread-1626#
[PollStageAppStatusExecution] 7a593235-4373-46e3-884a-87fc551daff3 [2026-05-26T09:51:30.396382] NODE_VERBOSE=false (STDOUT, STG)#
#2026 05 26 09:51:39.258#Z#DEBUG#54eb74fc-58e8-11f1-a04b-eeee0a8789dc.ServicioRRHH-db-deployer#flowable-async-job-executor-thread-1626#
[PollStageAppStatusExecution] 7a593235-4373-46e3-884a-87fc551daff3 [2026-05-26T09:51:30.396389] NPM_CONFIG_LOGLEVEL=error (STDOUT, STG)#
#2026 05 26 09:51:39.258#Z#DEBUG#54eb74fc-58e8-11f1-a04b-eeee0a8789dc.ServicioRRHH-db-deployer#flowable-async-job-executor-thread-1626#
[PollStageAppStatusExecution] 7a593235-4373-46e3-884a-87fc551daff3 [2026-05-26T09:51:30.396466] NPM_CONFIG_PRODUCTION=true (STDOUT, STG)#
#2026 05 26 09:51:39.258#Z#DEBUG#54eb74fc-58e8-11f1-a04b-eeee0a8789dc.ServicioRRHH-db-deployer#flowable-async-job-executor-thread-1626#
[PollStageAppStatusExecution] 7a593235-4373-46e3-884a-87fc551daff3 [2026-05-26T09:51:30.396504] -----> Building dependencies (STDOUT, STG)#
#2026 05 26 09:51:39.258#Z#DEBUG#54eb74fc-58e8-11f1-a04b-eeee0a8789dc.ServicioRRHH-db-deployer#flowable-async-job-executor-thread-1626#
[PollStageAppStatusExecution] 7a593235-4373-46e3-884a-87fc551daff3 [2026-05-26T09:51:30.396513] Prebuild detected (node_modules already exists) (STDOUT, STG)#
#2026 05 26 09:51:39.258#Z#DEBUG#54eb74fc-58e8-11f1-a04b-eeee0a8789dc.ServicioRRHH-db-deployer#flowable-async-job-executor-thread-1626#
[PollStageAppStatusExecution] 7a593235-4373-46e3-884a-87fc551daff3 [2026-05-26T09:51:30.396612] Rebuilding any native modules (STDOUT, STG)#
#2026 05 26 09:51:39.258#Z#DEBUG#54eb74fc-58e8-11f1-a04b-eeee0a8789dc.ServicioRRHH-db-deployer#flowable-async-job-executor-thread-1626#
[PollStageAppStatusExecution] 7a593235-4373-46e3-884a-87fc551daff3 [2026-05-26T09:51:30.990136] rebuilt dependencies successfully (STDOUT, STG)#
#2026 05 26 09:51:39.258#Z#DEBUG#54eb74fc-58e8-11f1-a04b-eeee0a8789dc.ServicioRRHH-db-deployer#flowable-async-job-executor-thread-1626#
[PollStageAppStatusExecution] 7a593235-4373-46e3-884a-87fc551daff3 [2026-05-26T09:51:31.063611] Installing any new modules (package.json + package-lock.json) (STDOUT, STG)#
#2026 05 26 09:51:39.258#Z#DEBUG#54eb74fc-58e8-11f1-a04b-eeee0a8789dc.ServicioRRHH-db-deployer#flowable-async-job-executor-thread-1626#
[PollStageAppStatusExecution] 7a593235-4373-46e3-884a-87fc551daff3 [2026-05-26T09:51:31.521178] up to date in 378ms (STDOUT, STG)#
#2026 05 26 09:51:39.258#Z#DEBUG#54eb74fc-58e8-11f1-a04b-eeee0a8789dc.ServicioRRHH-db-deployer#flowable-async-job-executor-thread-1626#
[PollStageAppStatusExecution] 7a593235-4373-46e3-884a-87fc551daff3 [2026-05-26T09:51:31.521577] 4 packages are looking for funding (STDOUT, STG)#
#2026 05 26 09:51:39.258#Z#DEBUG#54eb74fc-58e8-11f1-a04b-eeee0a8789dc.ServicioRRHH-db-deployer#flowable-async-job-executor-thread-1626#
[PollStageAppStatusExecution] 7a593235-4373-46e3-884a-87fc551daff3 [2026-05-26T09:51:31.521721] run `npm fund` for details (STDOUT, STG)#
#2026 05 26 09:51:39.258#Z#DEBUG#54eb74fc-58e8-11f1-a04b-eeee0a8789dc.ServicioRRHH-db-deployer#flowable-async-job-executor-thread-1626#
[PollStageAppStatusExecution] 7a593235-4373-46e3-884a-87fc551daff3 [2026-05-26T09:51:32.173697] Contrast Security no credentials found. Will not write environment files. (STDOUT, STG)#
#2026 05 26 09:51:49.312#Z#DEBUG#54eb74fc-58e8-11f1-a04b-eeee0a8789dc.ServicioRRHH-db-deployer#flowable-async-job-executor-thread-1694#
[PollStageAppStatusExecution] 7a593235-4373-46e3-884a-87fc551daff3 [2026-05-26T09:51:41.885004] Exit status 0 (STDOUT, STG)#
#2026 05 26 09:51:49.312#Z#DEBUG#54eb74fc-58e8-11f1-a04b-eeee0a8789dc.ServicioRRHH-db-deployer#flowable-async-job-executor-thread-1694#
[PollStageAppStatusExecution] 7a593235-4373-46e3-884a-87fc551daff3 [2026-05-26T09:51:41.885051] Uploading droplet, build artifacts cache... (STDOUT, STG)#
#2026 05 26 09:51:49.312#Z#DEBUG#54eb74fc-58e8-11f1-a04b-eeee0a8789dc.ServicioRRHH-db-deployer#flowable-async-job-executor-thread-1694#
[PollStageAppStatusExecution] 7a593235-4373-46e3-884a-87fc551daff3 [2026-05-26T09:51:41.885088] Uploading droplet... (STDOUT, STG)#
#2026 05 26 09:51:49.312#Z#DEBUG#54eb74fc-58e8-11f1-a04b-eeee0a8789dc.ServicioRRHH-db-deployer#flowable-async-job-executor-thread-1694#
[PollStageAppStatusExecution] 7a593235-4373-46e3-884a-87fc551daff3 [2026-05-26T09:51:41.885396] Uploading build artifacts cache... (STDOUT, STG)#
#2026 05 26 09:51:49.312#Z#DEBUG#54eb74fc-58e8-11f1-a04b-eeee0a8789dc.ServicioRRHH-db-deployer#flowable-async-job-executor-thread-1694#
[PollStageAppStatusExecution] 7a593235-4373-46e3-884a-87fc551daff3 [2026-05-26T09:51:41.919954] Uploaded build artifacts cache (218B) (STDOUT, STG)#
#2026 05 26 09:51:49.312#Z#DEBUG#54eb74fc-58e8-11f1-a04b-eeee0a8789dc.ServicioRRHH-db-deployer#flowable-async-job-executor-thread-1694#
[PollStageAppStatusExecution] 7a593235-4373-46e3-884a-87fc551daff3 [2026-05-26T09:51:42.616259] Creating droplet for app with guid 7a593235-4373-46e3-884a-87fc551daff3 (STDOUT, API)#
#2026 05 26 09:51:49.312#Z#DEBUG#54eb74fc-58e8-11f1-a04b-eeee0a8789dc.ServicioRRHH-db-deployer#flowable-async-job-executor-thread-1694#
[PollStageAppStatusExecution] 7a593235-4373-46e3-884a-87fc551daff3 [2026-05-26T09:51:43.682407] Uploaded droplet (58.4M) (STDOUT, STG)#
#2026 05 26 09:51:49.312#Z#DEBUG#54eb74fc-58e8-11f1-a04b-eeee0a8789dc.ServicioRRHH-db-deployer#flowable-async-job-executor-thread-1694#
[PollStageAppStatusExecution] 7a593235-4373-46e3-884a-87fc551daff3 [2026-05-26T09:51:43.701899] Uploading complete (STDOUT, STG)#
#2026 05 26 09:51:49.312#Z#DEBUG#54eb74fc-58e8-11f1-a04b-eeee0a8789dc.ServicioRRHH-db-deployer#flowable-async-job-executor-thread-1694#
[PollStageAppStatusExecution] 7a593235-4373-46e3-884a-87fc551daff3 [2026-05-26T09:51:44.534197] Cell 77283d80-dfa7-40ba-ba4e-265aef112085 stopping instance eadb32ed-60bb-460d-a786-f45fd94ae624 (STDOUT, STG)#
#2026 05 26 09:51:49.312#Z#DEBUG#54eb74fc-58e8-11f1-a04b-eeee0a8789dc.ServicioRRHH-db-deployer#flowable-async-job-executor-thread-1694#
[PollStageAppStatusExecution] 7a593235-4373-46e3-884a-87fc551daff3 [2026-05-26T09:51:44.534243] Cell 77283d80-dfa7-40ba-ba4e-265aef112085 destroying container for instance eadb32ed-60bb-460d-a786-f45fd94ae624 (STDOUT, STG)#
#2026 05 26 09:51:49.312#Z#DEBUG#54eb74fc-58e8-11f1-a04b-eeee0a8789dc.ServicioRRHH-db-deployer#flowable-async-job-executor-thread-1694#
[PollStageAppStatusExecution] 7a593235-4373-46e3-884a-87fc551daff3 [2026-05-26T09:51:44.584072] Staging complete for build eadb32ed-60bb-460d-a786-f45fd94ae624 (STDOUT, API)#
#2026 05 26 09:51:49.312#Z#DEBUG#54eb74fc-58e8-11f1-a04b-eeee0a8789dc.ServicioRRHH-db-deployer#flowable-async-job-executor-thread-1694#
[PollStageAppStatusExecution] 7a593235-4373-46e3-884a-87fc551daff3 [2026-05-26T09:51:48.053807] Cell 77283d80-dfa7-40ba-ba4e-265aef112085 successfully destroyed container for instance eadb32ed-60bb-460d-a786-f45fd94ae624 (STDOUT, STG)#
#2026 05 26 09:51:59.453#Z#DEBUG#54eb74fc-58e8-11f1-a04b-eeee0a8789dc.ServicioRRHH-db-deployer#flowable-async-job-executor-thread-1696#
[PollExecuteTaskStatusExecution] 7a593235-4373-46e3-884a-87fc551daff3 [2026-05-26T09:50:51.424388] Added process: "web" (STDOUT, API)#
#2026 05 26 09:51:59.453#Z#DEBUG#54eb74fc-58e8-11f1-a04b-eeee0a8789dc.ServicioRRHH-db-deployer#flowable-async-job-executor-thread-1696#
[PollExecuteTaskStatusExecution] 7a593235-4373-46e3-884a-87fc551daff3 [2026-05-26T09:50:51.430817] Created app with guid 7a593235-4373-46e3-884a-87fc551daff3 (STDOUT, API)#
#2026 05 26 09:51:59.453#Z#DEBUG#54eb74fc-58e8-11f1-a04b-eeee0a8789dc.ServicioRRHH-db-deployer#flowable-async-job-executor-thread-1696#
[PollExecuteTaskStatusExecution] 7a593235-4373-46e3-884a-87fc551daff3 [2026-05-26T09:50:51.514320] Updating process: "web" (STDOUT, API)#
#2026 05 26 09:51:59.453#Z#DEBUG#54eb74fc-58e8-11f1-a04b-eeee0a8789dc.ServicioRRHH-db-deployer#flowable-async-job-executor-thread-1696#
[PollExecuteTaskStatusExecution] 7a593235-4373-46e3-884a-87fc551daff3 [2026-05-26T09:50:51.569559] Scaling process: "web" (STDOUT, API)#
#2026 05 26 09:51:59.453#Z#DEBUG#54eb74fc-58e8-11f1-a04b-eeee0a8789dc.ServicioRRHH-db-deployer#flowable-async-job-executor-thread-1696#
[PollExecuteTaskStatusExecution] 7a593235-4373-46e3-884a-87fc551daff3 [2026-05-26T09:51:09.123202] Uploading app package for app with guid 7a593235-4373-46e3-884a-87fc551daff3 (STDOUT, API)#
#2026 05 26 09:51:59.453#Z#DEBUG#54eb74fc-58e8-11f1-a04b-eeee0a8789dc.ServicioRRHH-db-deployer#flowable-async-job-executor-thread-1696#
[PollExecuteTaskStatusExecution] 7a593235-4373-46e3-884a-87fc551daff3 [2026-05-26T09:51:09.341024] Updated app with guid 7a593235-4373-46e3-884a-87fc551daff3 ({"environment_variables"=>"[PRIVATE DATA HIDDEN]"}) (STDOUT, API)#
#2026 05 26 09:51:59.453#Z#DEBUG#54eb74fc-58e8-11f1-a04b-eeee0a8789dc.ServicioRRHH-db-deployer#flowable-async-job-executor-thread-1696#
[PollExecuteTaskStatusExecution] 7a593235-4373-46e3-884a-87fc551daff3 [2026-05-26T09:51:19.243575] Creating build for app with guid 7a593235-4373-46e3-884a-87fc551daff3 (STDOUT, API)#
#2026 05 26 09:51:59.453#Z#DEBUG#54eb74fc-58e8-11f1-a04b-eeee0a8789dc.ServicioRRHH-db-deployer#flowable-async-job-executor-thread-1696#
[PollExecuteTaskStatusExecution] 7a593235-4373-46e3-884a-87fc551daff3 [2026-05-26T09:51:19.724586] Downloading nodejs_buildpack... (STDOUT, STG)#
#2026 05 26 09:51:59.453#Z#DEBUG#54eb74fc-58e8-11f1-a04b-eeee0a8789dc.ServicioRRHH-db-deployer#flowable-async-job-executor-thread-1696#
[PollExecuteTaskStatusExecution] 7a593235-4373-46e3-884a-87fc551daff3 [2026-05-26T09:51:19.777642] Downloaded nodejs_buildpack (STDOUT, STG)#
#2026 05 26 09:51:59.453#Z#DEBUG#54eb74fc-58e8-11f1-a04b-eeee0a8789dc.ServicioRRHH-db-deployer#flowable-async-job-executor-thread-1696#
[PollExecuteTaskStatusExecution] 7a593235-4373-46e3-884a-87fc551daff3 [2026-05-26T09:51:19.778239] Cell 77283d80-dfa7-40ba-ba4e-265aef112085 creating container for instance eadb32ed-60bb-460d-a786-f45fd94ae624 (STDOUT, STG)#
#2026 05 26 09:51:59.453#Z#DEBUG#54eb74fc-58e8-11f1-a04b-eeee0a8789dc.ServicioRRHH-db-deployer#flowable-async-job-executor-thread-1696#
[PollExecuteTaskStatusExecution] 7a593235-4373-46e3-884a-87fc551daff3 [2026-05-26T09:51:20.775403] Security group rules were updated (STDOUT, STG)#
#2026 05 26 09:51:59.453#Z#DEBUG#54eb74fc-58e8-11f1-a04b-eeee0a8789dc.ServicioRRHH-db-deployer#flowable-async-job-executor-thread-1696#
[PollExecuteTaskStatusExecution] 7a593235-4373-46e3-884a-87fc551daff3 [2026-05-26T09:51:20.882818] Cell 77283d80-dfa7-40ba-ba4e-265aef112085 successfully created container for instance eadb32ed-60bb-460d-a786-f45fd94ae624 (STDOUT, STG)#
#2026 05 26 09:51:59.453#Z#DEBUG#54eb74fc-58e8-11f1-a04b-eeee0a8789dc.ServicioRRHH-db-deployer#flowable-async-job-executor-thread-1696#
[PollExecuteTaskStatusExecution] 7a593235-4373-46e3-884a-87fc551daff3 [2026-05-26T09:51:21.992618] Downloading app package... (STDOUT, STG)#
#2026 05 26 09:51:59.453#Z#DEBUG#54eb74fc-58e8-11f1-a04b-eeee0a8789dc.ServicioRRHH-db-deployer#flowable-async-job-executor-thread-1696#
[PollExecuteTaskStatusExecution] 7a593235-4373-46e3-884a-87fc551daff3 [2026-05-26T09:51:22.387622] Downloaded app package (2.3M) (STDOUT, STG)#
#2026 05 26 09:51:59.453#Z#DEBUG#54eb74fc-58e8-11f1-a04b-eeee0a8789dc.ServicioRRHH-db-deployer#flowable-async-job-executor-thread-1696#
[PollExecuteTaskStatusExecution] 7a593235-4373-46e3-884a-87fc551daff3 [2026-05-26T09:51:22.514892] -----> Nodejs Buildpack version 1.8.44 (STDOUT, STG)#
#2026 05 26 09:51:59.453#Z#DEBUG#54eb74fc-58e8-11f1-a04b-eeee0a8789dc.ServicioRRHH-db-deployer#flowable-async-job-executor-thread-1696#
[PollExecuteTaskStatusExecution] 7a593235-4373-46e3-884a-87fc551daff3 [2026-05-26T09:51:22.661822] -----> Bootstrapping python (STDOUT, STG)#
#2026 05 26 09:51:59.453#Z#DEBUG#54eb74fc-58e8-11f1-a04b-eeee0a8789dc.ServicioRRHH-db-deployer#flowable-async-job-executor-thread-1696#
[PollExecuteTaskStatusExecution] 7a593235-4373-46e3-884a-87fc551daff3 [2026-05-26T09:51:22.661852] -----> Installing python 3.11.14 (STDOUT, STG)#
#2026 05 26 09:51:59.453#Z#DEBUG#54eb74fc-58e8-11f1-a04b-eeee0a8789dc.ServicioRRHH-db-deployer#flowable-async-job-executor-thread-1696#
[PollExecuteTaskStatusExecution] 7a593235-4373-46e3-884a-87fc551daff3 [2026-05-26T09:51:22.662097] Copy [/tmp/buildpacks/978cee5ec9c58000/dependencies/b5e0345ae0ae1932e7d56fffaa49a487/python_3.11.14_linux_x64_cflinuxfs4_66f53248.tgz] (STDOUT, STG)#
#2026 05 26 09:51:59.453#Z#DEBUG#54eb74fc-58e8-11f1-a04b-eeee0a8789dc.ServicioRRHH-db-deployer#flowable-async-job-executor-thread-1696#
[PollExecuteTaskStatusExecution] 7a593235-4373-46e3-884a-87fc551daff3 [2026-05-26T09:51:27.139801] -----> Installing binaries (STDOUT, STG)#
#2026 05 26 09:51:59.453#Z#DEBUG#54eb74fc-58e8-11f1-a04b-eeee0a8789dc.ServicioRRHH-db-deployer#flowable-async-job-executor-thread-1696#
[PollExecuteTaskStatusExecution] 7a593235-4373-46e3-884a-87fc551daff3 [2026-05-26T09:51:27.139936] engines.node (package.json): >=18 (STDOUT, STG)#
#2026 05 26 09:51:59.453#Z#DEBUG#54eb74fc-58e8-11f1-a04b-eeee0a8789dc.ServicioRRHH-db-deployer#flowable-async-job-executor-thread-1696#
[PollExecuteTaskStatusExecution] 7a593235-4373-46e3-884a-87fc551daff3 [2026-05-26T09:51:27.139970] engines.npm (package.json): unspecified (use default) (STDOUT, STG)#
#2026 05 26 09:51:59.453#Z#DEBUG#54eb74fc-58e8-11f1-a04b-eeee0a8789dc.ServicioRRHH-db-deployer#flowable-async-job-executor-thread-1696#
[PollExecuteTaskStatusExecution] 7a593235-4373-46e3-884a-87fc551daff3 [2026-05-26T09:51:27.140057] [31;1m**WARNING**[0m Dangerous semver range (>) in engines.node. See: http://docs.cloudfoundry.org/buildpacks/node/node-tips.html (STDOUT, STG)#
#2026 05 26 09:51:59.453#Z#DEBUG#54eb74fc-58e8-11f1-a04b-eeee0a8789dc.ServicioRRHH-db-deployer#flowable-async-job-executor-thread-1696#
[PollExecuteTaskStatusExecution] 7a593235-4373-46e3-884a-87fc551daff3 [2026-05-26T09:51:27.140212] -----> Installing node 24.13.0 (STDOUT, STG)#
#2026 05 26 09:51:59.453#Z#DEBUG#54eb74fc-58e8-11f1-a04b-eeee0a8789dc.ServicioRRHH-db-deployer#flowable-async-job-executor-thread-1696#
[PollExecuteTaskStatusExecution] 7a593235-4373-46e3-884a-87fc551daff3 [2026-05-26T09:51:27.140486] Copy [/tmp/buildpacks/978cee5ec9c58000/dependencies/2f5692219fecc3eee6e6d507a6bfe7b9/node_24.13.0_linux_x64_cflinuxfs4_a816dee1.tgz] (STDOUT, STG)#
#2026 05 26 09:51:59.453#Z#DEBUG#54eb74fc-58e8-11f1-a04b-eeee0a8789dc.ServicioRRHH-db-deployer#flowable-async-job-executor-thread-1696#
[PollExecuteTaskStatusExecution] 7a593235-4373-46e3-884a-87fc551daff3 [2026-05-26T09:51:30.039085] Using default npm version: 11.6.2 (STDOUT, STG)#
#2026 05 26 09:51:59.453#Z#DEBUG#54eb74fc-58e8-11f1-a04b-eeee0a8789dc.ServicioRRHH-db-deployer#flowable-async-job-executor-thread-1696#
[PollExecuteTaskStatusExecution] 7a593235-4373-46e3-884a-87fc551daff3 [2026-05-26T09:51:30.039110] -----> Installing yarn 1.22.22 (STDOUT, STG)#
#2026 05 26 09:51:59.453#Z#DEBUG#54eb74fc-58e8-11f1-a04b-eeee0a8789dc.ServicioRRHH-db-deployer#flowable-async-job-executor-thread-1696#
[PollExecuteTaskStatusExecution] 7a593235-4373-46e3-884a-87fc551daff3 [2026-05-26T09:51:30.039192] Copy [/tmp/buildpacks/978cee5ec9c58000/dependencies/e3a39aedd1236924d69cc2d0637a8ed2/yarn_1.22.22_linux_noarch_any-stack_4911d0a6.tgz] (STDOUT, STG)#
#2026 05 26 09:51:59.453#Z#DEBUG#54eb74fc-58e8-11f1-a04b-eeee0a8789dc.ServicioRRHH-db-deployer#flowable-async-job-executor-thread-1696#
[PollExecuteTaskStatusExecution] 7a593235-4373-46e3-884a-87fc551daff3 [2026-05-26T09:51:30.394241] Installed yarn 1.22.22 (STDOUT, STG)#
#2026 05 26 09:51:59.453#Z#DEBUG#54eb74fc-58e8-11f1-a04b-eeee0a8789dc.ServicioRRHH-db-deployer#flowable-async-job-executor-thread-1696#
[PollExecuteTaskStatusExecution] 7a593235-4373-46e3-884a-87fc551daff3 [2026-05-26T09:51:30.394272] -----> Creating runtime environment (STDOUT, STG)#
#2026 05 26 09:51:59.453#Z#DEBUG#54eb74fc-58e8-11f1-a04b-eeee0a8789dc.ServicioRRHH-db-deployer#flowable-async-job-executor-thread-1696#
[PollExecuteTaskStatusExecution] 7a593235-4373-46e3-884a-87fc551daff3 [2026-05-26T09:51:30.396358] NODE_ENV=production (STDOUT, STG)#
#2026 05 26 09:51:59.453#Z#DEBUG#54eb74fc-58e8-11f1-a04b-eeee0a8789dc.ServicioRRHH-db-deployer#flowable-async-job-executor-thread-1696#
[PollExecuteTaskStatusExecution] 7a593235-4373-46e3-884a-87fc551daff3 [2026-05-26T09:51:30.396376] NODE_HOME=/tmp/contents3587177425/deps/0/node (STDOUT, STG)#
#2026 05 26 09:51:59.453#Z#DEBUG#54eb74fc-58e8-11f1-a04b-eeee0a8789dc.ServicioRRHH-db-deployer#flowable-async-job-executor-thread-1696#
[PollExecuteTaskStatusExecution] 7a593235-4373-46e3-884a-87fc551daff3 [2026-05-26T09:51:30.396379] NODE_MODULES_CACHE=true (STDOUT, STG)#
#2026 05 26 09:51:59.453#Z#DEBUG#54eb74fc-58e8-11f1-a04b-eeee0a8789dc.ServicioRRHH-db-deployer#flowable-async-job-executor-thread-1696#
[PollExecuteTaskStatusExecution] 7a593235-4373-46e3-884a-87fc551daff3 [2026-05-26T09:51:30.396382] NODE_VERBOSE=false (STDOUT, STG)#
#2026 05 26 09:51:59.453#Z#DEBUG#54eb74fc-58e8-11f1-a04b-eeee0a8789dc.ServicioRRHH-db-deployer#flowable-async-job-executor-thread-1696#
[PollExecuteTaskStatusExecution] 7a593235-4373-46e3-884a-87fc551daff3 [2026-05-26T09:51:30.396389] NPM_CONFIG_LOGLEVEL=error (STDOUT, STG)#
#2026 05 26 09:51:59.453#Z#DEBUG#54eb74fc-58e8-11f1-a04b-eeee0a8789dc.ServicioRRHH-db-deployer#flowable-async-job-executor-thread-1696#
[PollExecuteTaskStatusExecution] 7a593235-4373-46e3-884a-87fc551daff3 [2026-05-26T09:51:30.396466] NPM_CONFIG_PRODUCTION=true (STDOUT, STG)#
#2026 05 26 09:51:59.453#Z#DEBUG#54eb74fc-58e8-11f1-a04b-eeee0a8789dc.ServicioRRHH-db-deployer#flowable-async-job-executor-thread-1696#
[PollExecuteTaskStatusExecution] 7a593235-4373-46e3-884a-87fc551daff3 [2026-05-26T09:51:30.396504] -----> Building dependencies (STDOUT, STG)#
#2026 05 26 09:51:59.453#Z#DEBUG#54eb74fc-58e8-11f1-a04b-eeee0a8789dc.ServicioRRHH-db-deployer#flowable-async-job-executor-thread-1696#
[PollExecuteTaskStatusExecution] 7a593235-4373-46e3-884a-87fc551daff3 [2026-05-26T09:51:30.396513] Prebuild detected (node_modules already exists) (STDOUT, STG)#
#2026 05 26 09:51:59.453#Z#DEBUG#54eb74fc-58e8-11f1-a04b-eeee0a8789dc.ServicioRRHH-db-deployer#flowable-async-job-executor-thread-1696#
[PollExecuteTaskStatusExecution] 7a593235-4373-46e3-884a-87fc551daff3 [2026-05-26T09:51:30.396612] Rebuilding any native modules (STDOUT, STG)#
#2026 05 26 09:51:59.453#Z#DEBUG#54eb74fc-58e8-11f1-a04b-eeee0a8789dc.ServicioRRHH-db-deployer#flowable-async-job-executor-thread-1696#
[PollExecuteTaskStatusExecution] 7a593235-4373-46e3-884a-87fc551daff3 [2026-05-26T09:51:30.990136] rebuilt dependencies successfully (STDOUT, STG)#
#2026 05 26 09:51:59.453#Z#DEBUG#54eb74fc-58e8-11f1-a04b-eeee0a8789dc.ServicioRRHH-db-deployer#flowable-async-job-executor-thread-1696#
[PollExecuteTaskStatusExecution] 7a593235-4373-46e3-884a-87fc551daff3 [2026-05-26T09:51:31.063611] Installing any new modules (package.json + package-lock.json) (STDOUT, STG)#
#2026 05 26 09:51:59.453#Z#DEBUG#54eb74fc-58e8-11f1-a04b-eeee0a8789dc.ServicioRRHH-db-deployer#flowable-async-job-executor-thread-1696#
[PollExecuteTaskStatusExecution] 7a593235-4373-46e3-884a-87fc551daff3 [2026-05-26T09:51:31.521178] up to date in 378ms (STDOUT, STG)#
#2026 05 26 09:51:59.453#Z#DEBUG#54eb74fc-58e8-11f1-a04b-eeee0a8789dc.ServicioRRHH-db-deployer#flowable-async-job-executor-thread-1696#
[PollExecuteTaskStatusExecution] 7a593235-4373-46e3-884a-87fc551daff3 [2026-05-26T09:51:31.521577] 4 packages are looking for funding (STDOUT, STG)#
#2026 05 26 09:51:59.453#Z#DEBUG#54eb74fc-58e8-11f1-a04b-eeee0a8789dc.ServicioRRHH-db-deployer#flowable-async-job-executor-thread-1696#
[PollExecuteTaskStatusExecution] 7a593235-4373-46e3-884a-87fc551daff3 [2026-05-26T09:51:31.521721] run `npm fund` for details (STDOUT, STG)#
#2026 05 26 09:51:59.453#Z#DEBUG#54eb74fc-58e8-11f1-a04b-eeee0a8789dc.ServicioRRHH-db-deployer#flowable-async-job-executor-thread-1696#
[PollExecuteTaskStatusExecution] 7a593235-4373-46e3-884a-87fc551daff3 [2026-05-26T09:51:32.173697] Contrast Security no credentials found. Will not write environment files. (STDOUT, STG)#
#2026 05 26 09:51:59.453#Z#DEBUG#54eb74fc-58e8-11f1-a04b-eeee0a8789dc.ServicioRRHH-db-deployer#flowable-async-job-executor-thread-1696#
[PollExecuteTaskStatusExecution] 7a593235-4373-46e3-884a-87fc551daff3 [2026-05-26T09:51:41.885004] Exit status 0 (STDOUT, STG)#
#2026 05 26 09:51:59.453#Z#DEBUG#54eb74fc-58e8-11f1-a04b-eeee0a8789dc.ServicioRRHH-db-deployer#flowable-async-job-executor-thread-1696#
[PollExecuteTaskStatusExecution] 7a593235-4373-46e3-884a-87fc551daff3 [2026-05-26T09:51:41.885051] Uploading droplet, build artifacts cache... (STDOUT, STG)#
#2026 05 26 09:51:59.453#Z#DEBUG#54eb74fc-58e8-11f1-a04b-eeee0a8789dc.ServicioRRHH-db-deployer#flowable-async-job-executor-thread-1696#
[PollExecuteTaskStatusExecution] 7a593235-4373-46e3-884a-87fc551daff3 [2026-05-26T09:51:41.885088] Uploading droplet... (STDOUT, STG)#
#2026 05 26 09:51:59.453#Z#DEBUG#54eb74fc-58e8-11f1-a04b-eeee0a8789dc.ServicioRRHH-db-deployer#flowable-async-job-executor-thread-1696#
[PollExecuteTaskStatusExecution] 7a593235-4373-46e3-884a-87fc551daff3 [2026-05-26T09:51:41.885396] Uploading build artifacts cache... (STDOUT, STG)#
#2026 05 26 09:51:59.453#Z#DEBUG#54eb74fc-58e8-11f1-a04b-eeee0a8789dc.ServicioRRHH-db-deployer#flowable-async-job-executor-thread-1696#
[PollExecuteTaskStatusExecution] 7a593235-4373-46e3-884a-87fc551daff3 [2026-05-26T09:51:41.919954] Uploaded build artifacts cache (218B) (STDOUT, STG)#
#2026 05 26 09:51:59.453#Z#DEBUG#54eb74fc-58e8-11f1-a04b-eeee0a8789dc.ServicioRRHH-db-deployer#flowable-async-job-executor-thread-1696#
[PollExecuteTaskStatusExecution] 7a593235-4373-46e3-884a-87fc551daff3 [2026-05-26T09:51:42.616259] Creating droplet for app with guid 7a593235-4373-46e3-884a-87fc551daff3 (STDOUT, API)#
#2026 05 26 09:51:59.453#Z#DEBUG#54eb74fc-58e8-11f1-a04b-eeee0a8789dc.ServicioRRHH-db-deployer#flowable-async-job-executor-thread-1696#
[PollExecuteTaskStatusExecution] 7a593235-4373-46e3-884a-87fc551daff3 [2026-05-26T09:51:43.682407] Uploaded droplet (58.4M) (STDOUT, STG)#
#2026 05 26 09:51:59.453#Z#DEBUG#54eb74fc-58e8-11f1-a04b-eeee0a8789dc.ServicioRRHH-db-deployer#flowable-async-job-executor-thread-1696#
[PollExecuteTaskStatusExecution] 7a593235-4373-46e3-884a-87fc551daff3 [2026-05-26T09:51:43.701899] Uploading complete (STDOUT, STG)#
#2026 05 26 09:51:59.453#Z#DEBUG#54eb74fc-58e8-11f1-a04b-eeee0a8789dc.ServicioRRHH-db-deployer#flowable-async-job-executor-thread-1696#
[PollExecuteTaskStatusExecution] 7a593235-4373-46e3-884a-87fc551daff3 [2026-05-26T09:51:44.534197] Cell 77283d80-dfa7-40ba-ba4e-265aef112085 stopping instance eadb32ed-60bb-460d-a786-f45fd94ae624 (STDOUT, STG)#
#2026 05 26 09:51:59.453#Z#DEBUG#54eb74fc-58e8-11f1-a04b-eeee0a8789dc.ServicioRRHH-db-deployer#flowable-async-job-executor-thread-1696#
[PollExecuteTaskStatusExecution] 7a593235-4373-46e3-884a-87fc551daff3 [2026-05-26T09:51:44.534243] Cell 77283d80-dfa7-40ba-ba4e-265aef112085 destroying container for instance eadb32ed-60bb-460d-a786-f45fd94ae624 (STDOUT, STG)#
#2026 05 26 09:51:59.453#Z#DEBUG#54eb74fc-58e8-11f1-a04b-eeee0a8789dc.ServicioRRHH-db-deployer#flowable-async-job-executor-thread-1696#
[PollExecuteTaskStatusExecution] 7a593235-4373-46e3-884a-87fc551daff3 [2026-05-26T09:51:44.584072] Staging complete for build eadb32ed-60bb-460d-a786-f45fd94ae624 (STDOUT, API)#
#2026 05 26 09:51:59.453#Z#DEBUG#54eb74fc-58e8-11f1-a04b-eeee0a8789dc.ServicioRRHH-db-deployer#flowable-async-job-executor-thread-1696#
[PollExecuteTaskStatusExecution] 7a593235-4373-46e3-884a-87fc551daff3 [2026-05-26T09:51:48.053807] Cell 77283d80-dfa7-40ba-ba4e-265aef112085 successfully destroyed container for instance eadb32ed-60bb-460d-a786-f45fd94ae624 (STDOUT, STG)#
#2026 05 26 09:51:59.453#Z#DEBUG#54eb74fc-58e8-11f1-a04b-eeee0a8789dc.ServicioRRHH-db-deployer#flowable-async-job-executor-thread-1696#
[PollExecuteTaskStatusExecution] 7a593235-4373-46e3-884a-87fc551daff3 [2026-05-26T09:51:49.383974] Updated app with guid 7a593235-4373-46e3-884a-87fc551daff3 ({:droplet_guid=>"c7b89e38-34a8-446e-a2ec-5e98c098212e"}) (STDOUT, API)#
#2026 05 26 09:51:59.453#Z#DEBUG#54eb74fc-58e8-11f1-a04b-eeee0a8789dc.ServicioRRHH-db-deployer#flowable-async-job-executor-thread-1696#
[PollExecuteTaskStatusExecution] 7a593235-4373-46e3-884a-87fc551daff3 [2026-05-26T09:51:49.992454] Cell 77283d80-dfa7-40ba-ba4e-265aef112085 creating container for instance 0576c349-c939-4816-977f-7b6fbce97469 (STDOUT, CELL)#
#2026 05 26 09:51:59.453#Z#DEBUG#54eb74fc-58e8-11f1-a04b-eeee0a8789dc.ServicioRRHH-db-deployer#flowable-async-job-executor-thread-1696#
[PollExecuteTaskStatusExecution] 7a593235-4373-46e3-884a-87fc551daff3 [2026-05-26T09:51:50.916187] Security group rules were updated (STDOUT, CELL)#
#2026 05 26 09:51:59.453#Z#DEBUG#54eb74fc-58e8-11f1-a04b-eeee0a8789dc.ServicioRRHH-db-deployer#flowable-async-job-executor-thread-1696#
[PollExecuteTaskStatusExecution] 7a593235-4373-46e3-884a-87fc551daff3 [2026-05-26T09:51:51.023754] Cell 77283d80-dfa7-40ba-ba4e-265aef112085 successfully created container for instance 0576c349-c939-4816-977f-7b6fbce97469 (STDOUT, CELL)#
#2026 05 26 09:51:59.453#Z#DEBUG#54eb74fc-58e8-11f1-a04b-eeee0a8789dc.ServicioRRHH-db-deployer#flowable-async-job-executor-thread-1696#
[PollExecuteTaskStatusExecution] 7a593235-4373-46e3-884a-87fc551daff3 [2026-05-26T09:51:56.008398] Invoking pre-start scripts. (STDOUT, APP/TASK/deploy)#
#2026 05 26 09:51:59.453#Z#DEBUG#54eb74fc-58e8-11f1-a04b-eeee0a8789dc.ServicioRRHH-db-deployer#flowable-async-job-executor-thread-1696#
[PollExecuteTaskStatusExecution] 7a593235-4373-46e3-884a-87fc551daff3 [2026-05-26T09:51:56.221271] Invoking start command. (STDOUT, APP/TASK/deploy)#
#2026 05 26 09:51:59.453#Z#DEBUG#54eb74fc-58e8-11f1-a04b-eeee0a8789dc.ServicioRRHH-db-deployer#flowable-async-job-executor-thread-1696#
[PollExecuteTaskStatusExecution] 7a593235-4373-46e3-884a-87fc551daff3 [2026-05-26T09:51:56.716047] > start (STDOUT, APP/TASK/deploy)#
#2026 05 26 09:51:59.453#Z#DEBUG#54eb74fc-58e8-11f1-a04b-eeee0a8789dc.ServicioRRHH-db-deployer#flowable-async-job-executor-thread-1696#
[PollExecuteTaskStatusExecution] 7a593235-4373-46e3-884a-87fc551daff3 [2026-05-26T09:51:56.716077] > node node_modules/@sap/hdi-deploy/deploy.js --use-hdb --parameter com.sap.hana.di.table/try_fast_table_migration=true (STDOUT, APP/TASK/deploy)#
#2026 05 26 09:51:59.453#Z#DEBUG#54eb74fc-58e8-11f1-a04b-eeee0a8789dc.ServicioRRHH-db-deployer#flowable-async-job-executor-thread-1696#
[PollExecuteTaskStatusExecution] 7a593235-4373-46e3-884a-87fc551daff3 [2026-05-26T09:51:56.899432] VCAP_SERVICES: (STDOUT, APP/TASK/deploy)#
#2026 05 26 09:51:59.453#Z#DEBUG#54eb74fc-58e8-11f1-a04b-eeee0a8789dc.ServicioRRHH-db-deployer#flowable-async-job-executor-thread-1696#
[PollExecuteTaskStatusExecution] 7a593235-4373-46e3-884a-87fc551daff3 [2026-05-26T09:51:56.899711] { (STDOUT, APP/TASK/deploy)#
#2026 05 26 09:51:59.453#Z#DEBUG#54eb74fc-58e8-11f1-a04b-eeee0a8789dc.ServicioRRHH-db-deployer#flowable-async-job-executor-thread-1696#
[PollExecuteTaskStatusExecution] 7a593235-4373-46e3-884a-87fc551daff3 [2026-05-26T09:51:56.899724] "hana": [ (STDOUT, APP/TASK/deploy)#
#2026 05 26 09:51:59.453#Z#DEBUG#54eb74fc-58e8-11f1-a04b-eeee0a8789dc.ServicioRRHH-db-deployer#flowable-async-job-executor-thread-1696#
[PollExecuteTaskStatusExecution] 7a593235-4373-46e3-884a-87fc551daff3 [2026-05-26T09:51:56.899728] { (STDOUT, APP/TASK/deploy)#
#2026 05 26 09:51:59.453#Z#DEBUG#54eb74fc-58e8-11f1-a04b-eeee0a8789dc.ServicioRRHH-db-deployer#flowable-async-job-executor-thread-1696#
[PollExecuteTaskStatusExecution] 7a593235-4373-46e3-884a-87fc551daff3 [2026-05-26T09:51:56.899732] "name": "ServicioRRHH-db", (STDOUT, APP/TASK/deploy)#
#2026 05 26 09:51:59.453#Z#DEBUG#54eb74fc-58e8-11f1-a04b-eeee0a8789dc.ServicioRRHH-db-deployer#flowable-async-job-executor-thread-1696#
[PollExecuteTaskStatusExecution] 7a593235-4373-46e3-884a-87fc551daff3 [2026-05-26T09:51:56.899735] "label": "hana", (STDOUT, APP/TASK/deploy)#
#2026 05 26 09:51:59.453#Z#DEBUG#54eb74fc-58e8-11f1-a04b-eeee0a8789dc.ServicioRRHH-db-deployer#flowable-async-job-executor-thread-1696#
[PollExecuteTaskStatusExecution] 7a593235-4373-46e3-884a-87fc551daff3 [2026-05-26T09:51:56.899741] "plan": "hdi-shared", (STDOUT, APP/TASK/deploy)#
#2026 05 26 09:51:59.453#Z#DEBUG#54eb74fc-58e8-11f1-a04b-eeee0a8789dc.ServicioRRHH-db-deployer#flowable-async-job-executor-thread-1696#
[PollExecuteTaskStatusExecution] 7a593235-4373-46e3-884a-87fc551daff3 [2026-05-26T09:51:56.899743] "credentials": { (STDOUT, APP/TASK/deploy)#
#2026 05 26 09:51:59.453#Z#DEBUG#54eb74fc-58e8-11f1-a04b-eeee0a8789dc.ServicioRRHH-db-deployer#flowable-async-job-executor-thread-1696#
[PollExecuteTaskStatusExecution] 7a593235-4373-46e3-884a-87fc551daff3 [2026-05-26T09:51:56.899746] "schema": "9C05CCF0A9C44DB786679B854C06C969", (STDOUT, APP/TASK/deploy)#
#2026 05 26 09:51:59.453#Z#DEBUG#54eb74fc-58e8-11f1-a04b-eeee0a8789dc.ServicioRRHH-db-deployer#flowable-async-job-executor-thread-1696#
[PollExecuteTaskStatusExecution] 7a593235-4373-46e3-884a-87fc551daff3 [2026-05-26T09:51:56.899752] "database_id": "87bbc19d-e8cc-47a8-b446-9304c37bf33e", (STDOUT, APP/TASK/deploy)#
#2026 05 26 09:51:59.453#Z#DEBUG#54eb74fc-58e8-11f1-a04b-eeee0a8789dc.ServicioRRHH-db-deployer#flowable-async-job-executor-thread-1696#
[PollExecuteTaskStatusExecution] 7a593235-4373-46e3-884a-87fc551daff3 [2026-05-26T09:51:56.899755] "user": "9C05CCF0A9C44DB786679B854C06C969_4GT61BM75SG18IKHW334VICUR_RT", (STDOUT, APP/TASK/deploy)#
#2026 05 26 09:51:59.453#Z#DEBUG#54eb74fc-58e8-11f1-a04b-eeee0a8789dc.ServicioRRHH-db-deployer#flowable-async-job-executor-thread-1696#
[PollExecuteTaskStatusExecution] 7a593235-4373-46e3-884a-87fc551daff3 [2026-05-26T09:51:56.899758] "hdi_user": "9C05CCF0A9C44DB786679B854C06C969_4GT61BM75SG18IKHW334VICUR_DT" (STDOUT, APP/TASK/deploy)#
#2026 05 26 09:51:59.453#Z#DEBUG#54eb74fc-58e8-11f1-a04b-eeee0a8789dc.ServicioRRHH-db-deployer#flowable-async-job-executor-thread-1696#
[PollExecuteTaskStatusExecution] 7a593235-4373-46e3-884a-87fc551daff3 [2026-05-26T09:51:56.899760] }, (STDOUT, APP/TASK/deploy)#
#2026 05 26 09:51:59.453#Z#DEBUG#54eb74fc-58e8-11f1-a04b-eeee0a8789dc.ServicioRRHH-db-deployer#flowable-async-job-executor-thread-1696#
[PollExecuteTaskStatusExecution] 7a593235-4373-46e3-884a-87fc551daff3 [2026-05-26T09:51:56.899762] "tags": [ (STDOUT, APP/TASK/deploy)#
#2026 05 26 09:51:59.453#Z#DEBUG#54eb74fc-58e8-11f1-a04b-eeee0a8789dc.ServicioRRHH-db-deployer#flowable-async-job-executor-thread-1696#
[PollExecuteTaskStatusExecution] 7a593235-4373-46e3-884a-87fc551daff3 [2026-05-26T09:51:56.899765] "hana", (STDOUT, APP/TASK/deploy)#
#2026 05 26 09:51:59.453#Z#DEBUG#54eb74fc-58e8-11f1-a04b-eeee0a8789dc.ServicioRRHH-db-deployer#flowable-async-job-executor-thread-1696#
[PollExecuteTaskStatusExecution] 7a593235-4373-46e3-884a-87fc551daff3 [2026-05-26T09:51:56.899767] "database", (STDOUT, APP/TASK/deploy)#
#2026 05 26 09:51:59.453#Z#DEBUG#54eb74fc-58e8-11f1-a04b-eeee0a8789dc.ServicioRRHH-db-deployer#flowable-async-job-executor-thread-1696#
[PollExecuteTaskStatusExecution] 7a593235-4373-46e3-884a-87fc551daff3 [2026-05-26T09:51:56.899769] "relational" (STDOUT, APP/TASK/deploy)#
#2026 05 26 09:51:59.453#Z#DEBUG#54eb74fc-58e8-11f1-a04b-eeee0a8789dc.ServicioRRHH-db-deployer#flowable-async-job-executor-thread-1696#
[PollExecuteTaskStatusExecution] 7a593235-4373-46e3-884a-87fc551daff3 [2026-05-26T09:51:56.899771] ] (STDOUT, APP/TASK/deploy)#
#2026 05 26 09:51:59.453#Z#DEBUG#54eb74fc-58e8-11f1-a04b-eeee0a8789dc.ServicioRRHH-db-deployer#flowable-async-job-executor-thread-1696#
[PollExecuteTaskStatusExecution] 7a593235-4373-46e3-884a-87fc551daff3 [2026-05-26T09:51:56.899774] } (STDOUT, APP/TASK/deploy)#
#2026 05 26 09:51:59.453#Z#DEBUG#54eb74fc-58e8-11f1-a04b-eeee0a8789dc.ServicioRRHH-db-deployer#flowable-async-job-executor-thread-1696#
[PollExecuteTaskStatusExecution] 7a593235-4373-46e3-884a-87fc551daff3 [2026-05-26T09:51:56.899776] ] (STDOUT, APP/TASK/deploy)#
#2026 05 26 09:51:59.453#Z#DEBUG#54eb74fc-58e8-11f1-a04b-eeee0a8789dc.ServicioRRHH-db-deployer#flowable-async-job-executor-thread-1696#
[PollExecuteTaskStatusExecution] 7a593235-4373-46e3-884a-87fc551daff3 [2026-05-26T09:51:56.899779] } (STDOUT, APP/TASK/deploy)#
#2026 05 26 09:51:59.453#Z#DEBUG#54eb74fc-58e8-11f1-a04b-eeee0a8789dc.ServicioRRHH-db-deployer#flowable-async-job-executor-thread-1696#
[PollExecuteTaskStatusExecution] 7a593235-4373-46e3-884a-87fc551daff3 [2026-05-26T09:51:57.340973] @sap/hdi-deploy, version 5.6.1 (mode default), server version 4.00.000.00.1778573239 (4.0.0.0), cloud version 2026.2.14, node version 24.13.0, HDI version 1016, container API version 1007 (STDOUT, APP/TASK/deploy)#
#2026 05 26 09:51:59.453#Z#DEBUG#54eb74fc-58e8-11f1-a04b-eeee0a8789dc.ServicioRRHH-db-deployer#flowable-async-job-executor-thread-1696#
[PollExecuteTaskStatusExecution] 7a593235-4373-46e3-884a-87fc551daff3 [2026-05-26T09:51:57.341192] Deployment started at 2026-05-26 09:51:57 (STDOUT, APP/TASK/deploy)#
#2026 05 26 09:51:59.453#Z#DEBUG#54eb74fc-58e8-11f1-a04b-eeee0a8789dc.ServicioRRHH-db-deployer#flowable-async-job-executor-thread-1696#
[PollExecuteTaskStatusExecution] 7a593235-4373-46e3-884a-87fc551daff3 [2026-05-26T09:51:57.341440] Using hdb@2.27.1 for connection (STDOUT, APP/TASK/deploy)#
#2026 05 26 09:51:59.453#Z#DEBUG#54eb74fc-58e8-11f1-a04b-eeee0a8789dc.ServicioRRHH-db-deployer#flowable-async-job-executor-thread-1696#
[PollExecuteTaskStatusExecution] 7a593235-4373-46e3-884a-87fc551daff3 [2026-05-26T09:51:57.363238] No ignore file at /home/vcap/app/.hdiignore. (STDOUT, APP/TASK/deploy)#
#2026 05 26 09:51:59.453#Z#DEBUG#54eb74fc-58e8-11f1-a04b-eeee0a8789dc.ServicioRRHH-db-deployer#flowable-async-job-executor-thread-1696#
[PollExecuteTaskStatusExecution] 7a593235-4373-46e3-884a-87fc551daff3 [2026-05-26T09:51:57.363592] Collecting files... (STDOUT, APP/TASK/deploy)#
#2026 05 26 09:51:59.453#Z#DEBUG#54eb74fc-58e8-11f1-a04b-eeee0a8789dc.ServicioRRHH-db-deployer#flowable-async-job-executor-thread-1696#
[PollExecuteTaskStatusExecution] 7a593235-4373-46e3-884a-87fc551daff3 [2026-05-26T09:51:57.367467] Collecting files... ok (0s 4ms) (STDOUT, APP/TASK/deploy)#
#2026 05 26 09:51:59.453#Z#DEBUG#54eb74fc-58e8-11f1-a04b-eeee0a8789dc.ServicioRRHH-db-deployer#flowable-async-job-executor-thread-1696#
[PollExecuteTaskStatusExecution] 7a593235-4373-46e3-884a-87fc551daff3 [2026-05-26T09:51:57.367478] 2 directories collected (STDOUT, APP/TASK/deploy)#
#2026 05 26 09:51:59.453#Z#DEBUG#54eb74fc-58e8-11f1-a04b-eeee0a8789dc.ServicioRRHH-db-deployer#flowable-async-job-executor-thread-1696#
[PollExecuteTaskStatusExecution] 7a593235-4373-46e3-884a-87fc551daff3 [2026-05-26T09:51:57.367522] 7 files collected (STDOUT, APP/TASK/deploy)#
#2026 05 26 09:51:59.453#Z#DEBUG#54eb74fc-58e8-11f1-a04b-eeee0a8789dc.ServicioRRHH-db-deployer#flowable-async-job-executor-thread-1696#
[PollExecuteTaskStatusExecution] 7a593235-4373-46e3-884a-87fc551daff3 [2026-05-26T09:51:57.367612] 0 reusable modules collected (STDOUT, APP/TASK/deploy)#
#2026 05 26 09:51:59.453#Z#DEBUG#54eb74fc-58e8-11f1-a04b-eeee0a8789dc.ServicioRRHH-db-deployer#flowable-async-job-executor-thread-1696#
[PollExecuteTaskStatusExecution] 7a593235-4373-46e3-884a-87fc551daff3 [2026-05-26T09:51:57.367730] Target service: ServicioRRHH-db (STDOUT, APP/TASK/deploy)#
#2026 05 26 09:51:59.453#Z#DEBUG#54eb74fc-58e8-11f1-a04b-eeee0a8789dc.ServicioRRHH-db-deployer#flowable-async-job-executor-thread-1696#
[PollExecuteTaskStatusExecution] 7a593235-4373-46e3-884a-87fc551daff3 [2026-05-26T09:51:57.585593] Could not determine status of last build: Could not find any information about the previous deployment. (STDOUT, APP/TASK/deploy)#
#2026 05 26 09:51:59.453#Z#DEBUG#54eb74fc-58e8-11f1-a04b-eeee0a8789dc.ServicioRRHH-db-deployer#flowable-async-job-executor-thread-1696#
[PollExecuteTaskStatusExecution] 7a593235-4373-46e3-884a-87fc551daff3 [2026-05-26T09:51:57.585701] Processing revoke files... (STDOUT, APP/TASK/deploy)#
#2026 05 26 09:51:59.453#Z#DEBUG#54eb74fc-58e8-11f1-a04b-eeee0a8789dc.ServicioRRHH-db-deployer#flowable-async-job-executor-thread-1696#
[PollExecuteTaskStatusExecution] 7a593235-4373-46e3-884a-87fc551daff3 [2026-05-26T09:51:57.585865] Processing revoke files... ok (0s 0ms) (STDOUT, APP/TASK/deploy)#
#2026 05 26 09:51:59.453#Z#DEBUG#54eb74fc-58e8-11f1-a04b-eeee0a8789dc.ServicioRRHH-db-deployer#flowable-async-job-executor-thread-1696#
[PollExecuteTaskStatusExecution] 7a593235-4373-46e3-884a-87fc551daff3 [2026-05-26T09:51:57.586067] Processing grants files... (STDOUT, APP/TASK/deploy)#
#2026 05 26 09:51:59.453#Z#DEBUG#54eb74fc-58e8-11f1-a04b-eeee0a8789dc.ServicioRRHH-db-deployer#flowable-async-job-executor-thread-1696#
[PollExecuteTaskStatusExecution] 7a593235-4373-46e3-884a-87fc551daff3 [2026-05-26T09:51:57.586189] Processing grants files... ok (0s 0ms) (STDOUT, APP/TASK/deploy)#
#2026 05 26 09:51:59.453#Z#DEBUG#54eb74fc-58e8-11f1-a04b-eeee0a8789dc.ServicioRRHH-db-deployer#flowable-async-job-executor-thread-1696#
[PollExecuteTaskStatusExecution] 7a593235-4373-46e3-884a-87fc551daff3 [2026-05-26T09:51:57.588720] Preprocessing files... (STDOUT, APP/TASK/deploy)#
#2026 05 26 09:51:59.453#Z#DEBUG#54eb74fc-58e8-11f1-a04b-eeee0a8789dc.ServicioRRHH-db-deployer#flowable-async-job-executor-thread-1696#
[PollExecuteTaskStatusExecution] 7a593235-4373-46e3-884a-87fc551daff3 [2026-05-26T09:51:57.588992] Preprocessing files... ok (0s 0ms) (STDOUT, APP/TASK/deploy)#
#2026 05 26 09:51:59.453#Z#DEBUG#54eb74fc-58e8-11f1-a04b-eeee0a8789dc.ServicioRRHH-db-deployer#flowable-async-job-executor-thread-1696#
[PollExecuteTaskStatusExecution] 7a593235-4373-46e3-884a-87fc551daff3 [2026-05-26T09:51:57.589164] Connecting to the container "9C05CCF0A9C44DB786679B854C06C969"... (STDOUT, APP/TASK/deploy)#
#2026 05 26 09:51:59.453#Z#DEBUG#54eb74fc-58e8-11f1-a04b-eeee0a8789dc.ServicioRRHH-db-deployer#flowable-async-job-executor-thread-1696#
[PollExecuteTaskStatusExecution] 7a593235-4373-46e3-884a-87fc551daff3 [2026-05-26T09:51:57.664740] Connecting to the container "9C05CCF0A9C44DB786679B854C06C969"... ok (0s 75ms) (STDOUT, APP/TASK/deploy)#
#2026 05 26 09:51:59.453#Z#DEBUG#54eb74fc-58e8-11f1-a04b-eeee0a8789dc.ServicioRRHH-db-deployer#flowable-async-job-executor-thread-1696#
[PollExecuteTaskStatusExecution] 7a593235-4373-46e3-884a-87fc551daff3 [2026-05-26T09:51:57.664785] Locking the container "9C05CCF0A9C44DB786679B854C06C969"... (STDOUT, APP/TASK/deploy)#
#2026 05 26 09:51:59.453#Z#DEBUG#54eb74fc-58e8-11f1-a04b-eeee0a8789dc.ServicioRRHH-db-deployer#flowable-async-job-executor-thread-1696#
[PollExecuteTaskStatusExecution] 7a593235-4373-46e3-884a-87fc551daff3 [2026-05-26T09:51:57.880897] Locking the container "9C05CCF0A9C44DB786679B854C06C969"... ok (0s 216ms) (STDOUT, APP/TASK/deploy)#
#2026 05 26 09:51:59.453#Z#DEBUG#54eb74fc-58e8-11f1-a04b-eeee0a8789dc.ServicioRRHH-db-deployer#flowable-async-job-executor-thread-1696#
[PollExecuteTaskStatusExecution] 7a593235-4373-46e3-884a-87fc551daff3 [2026-05-26T09:51:57.880925] Synchronizing files with the container "9C05CCF0A9C44DB786679B854C06C969"... (STDOUT, APP/TASK/deploy)#
#2026 05 26 09:51:59.453#Z#DEBUG#54eb74fc-58e8-11f1-a04b-eeee0a8789dc.ServicioRRHH-db-deployer#flowable-async-job-executor-thread-1696#
[PollExecuteTaskStatusExecution] 7a593235-4373-46e3-884a-87fc551daff3 [2026-05-26T09:51:58.151869] Deleting files... (STDOUT, APP/TASK/deploy)#
#2026 05 26 09:51:59.453#Z#DEBUG#54eb74fc-58e8-11f1-a04b-eeee0a8789dc.ServicioRRHH-db-deployer#flowable-async-job-executor-thread-1696#
[PollExecuteTaskStatusExecution] 7a593235-4373-46e3-884a-87fc551daff3 [2026-05-26T09:51:58.289834] Deleting files... ok (STDOUT, APP/TASK/deploy)#
#2026 05 26 09:51:59.453#Z#DEBUG#54eb74fc-58e8-11f1-a04b-eeee0a8789dc.ServicioRRHH-db-deployer#flowable-async-job-executor-thread-1696#
[PollExecuteTaskStatusExecution] 7a593235-4373-46e3-884a-87fc551daff3 [2026-05-26T09:51:58.289862] Writing files... (STDOUT, APP/TASK/deploy)#
#2026 05 26 09:51:59.453#Z#DEBUG#54eb74fc-58e8-11f1-a04b-eeee0a8789dc.ServicioRRHH-db-deployer#flowable-async-job-executor-thread-1696#
[PollExecuteTaskStatusExecution] 7a593235-4373-46e3-884a-87fc551daff3 [2026-05-26T09:51:58.289953] Writing 9 items (STDOUT, APP/TASK/deploy)#
#2026 05 26 09:51:59.453#Z#DEBUG#54eb74fc-58e8-11f1-a04b-eeee0a8789dc.ServicioRRHH-db-deployer#flowable-async-job-executor-thread-1696#
[PollExecuteTaskStatusExecution] 7a593235-4373-46e3-884a-87fc551daff3 [2026-05-26T09:51:58.663109] Writing files... ok (STDOUT, APP/TASK/deploy)#
#2026 05 26 09:51:59.453#Z#DEBUG#54eb74fc-58e8-11f1-a04b-eeee0a8789dc.ServicioRRHH-db-deployer#flowable-async-job-executor-thread-1696#
[PollExecuteTaskStatusExecution] 7a593235-4373-46e3-884a-87fc551daff3 [2026-05-26T09:51:58.663208] Synchronizing files with the container "9C05CCF0A9C44DB786679B854C06C969"... ok (0s 782ms) (STDOUT, APP/TASK/deploy)#
#2026 05 26 09:51:59.453#Z#DEBUG#54eb74fc-58e8-11f1-a04b-eeee0a8789dc.ServicioRRHH-db-deployer#flowable-async-job-executor-thread-1696#
[PollExecuteTaskStatusExecution] 7a593235-4373-46e3-884a-87fc551daff3 [2026-05-26T09:51:58.663593] added files: [ (STDOUT, APP/TASK/deploy)#
#2026 05 26 09:51:59.453#Z#DEBUG#54eb74fc-58e8-11f1-a04b-eeee0a8789dc.ServicioRRHH-db-deployer#flowable-async-job-executor-thread-1696#
[PollExecuteTaskStatusExecution] 7a593235-4373-46e3-884a-87fc551daff3 [2026-05-26T09:51:58.663604] "src/gen/.hdiconfig", (STDOUT, APP/TASK/deploy)#
#2026 05 26 09:51:59.453#Z#DEBUG#54eb74fc-58e8-11f1-a04b-eeee0a8789dc.ServicioRRHH-db-deployer#flowable-async-job-executor-thread-1696#
[PollExecuteTaskStatusExecution] 7a593235-4373-46e3-884a-87fc551daff3 [2026-05-26T09:51:58.663611] "src/gen/.hdinamespace", (STDOUT, APP/TASK/deploy)#
#2026 05 26 09:51:59.453#Z#DEBUG#54eb74fc-58e8-11f1-a04b-eeee0a8789dc.ServicioRRHH-db-deployer#flowable-async-job-executor-thread-1696#
[PollExecuteTaskStatusExecution] 7a593235-4373-46e3-884a-87fc551daff3 [2026-05-26T09:51:58.663614] "src/gen/cds.outbox.Messages.hdbtable", (STDOUT, APP/TASK/deploy)#
#2026 05 26 09:51:59.453#Z#DEBUG#54eb74fc-58e8-11f1-a04b-eeee0a8789dc.ServicioRRHH-db-deployer#flowable-async-job-executor-thread-1696#
[PollExecuteTaskStatusExecution] 7a593235-4373-46e3-884a-87fc551daff3 [2026-05-26T09:51:58.663617] "src/gen/rrhhService.Departamentos.hdbview", (STDOUT, APP/TASK/deploy)#
#2026 05 26 09:51:59.453#Z#DEBUG#54eb74fc-58e8-11f1-a04b-eeee0a8789dc.ServicioRRHH-db-deployer#flowable-async-job-executor-thread-1696#
[PollExecuteTaskStatusExecution] 7a593235-4373-46e3-884a-87fc551daff3 [2026-05-26T09:51:58.663624] "src/gen/rrhhService.Empleados.hdbview", (STDOUT, APP/TASK/deploy)#
#2026 05 26 09:51:59.453#Z#DEBUG#54eb74fc-58e8-11f1-a04b-eeee0a8789dc.ServicioRRHH-db-deployer#flowable-async-job-executor-thread-1696#
[PollExecuteTaskStatusExecution] 7a593235-4373-46e3-884a-87fc551daff3 [2026-05-26T09:51:58.663626] "src/gen/sap.rrhh.Departamento.hdbtable", (STDOUT, APP/TASK/deploy)#
#2026 05 26 09:51:59.453#Z#DEBUG#54eb74fc-58e8-11f1-a04b-eeee0a8789dc.ServicioRRHH-db-deployer#flowable-async-job-executor-thread-1696#
[PollExecuteTaskStatusExecution] 7a593235-4373-46e3-884a-87fc551daff3 [2026-05-26T09:51:58.663629] "src/gen/sap.rrhh.Empleado.hdbtable" (STDOUT, APP/TASK/deploy)#
#2026 05 26 09:51:59.453#Z#DEBUG#54eb74fc-58e8-11f1-a04b-eeee0a8789dc.ServicioRRHH-db-deployer#flowable-async-job-executor-thread-1696#
[PollExecuteTaskStatusExecution] 7a593235-4373-46e3-884a-87fc551daff3 [2026-05-26T09:51:58.663631] ] (STDOUT, APP/TASK/deploy)#
#2026 05 26 09:51:59.453#Z#DEBUG#54eb74fc-58e8-11f1-a04b-eeee0a8789dc.ServicioRRHH-db-deployer#flowable-async-job-executor-thread-1696#
[PollExecuteTaskStatusExecution] 7a593235-4373-46e3-884a-87fc551daff3 [2026-05-26T09:51:58.663633] modified files: [] (STDOUT, APP/TASK/deploy)#
#2026 05 26 09:51:59.453#Z#DEBUG#54eb74fc-58e8-11f1-a04b-eeee0a8789dc.ServicioRRHH-db-deployer#flowable-async-job-executor-thread-1696#
[PollExecuteTaskStatusExecution] 7a593235-4373-46e3-884a-87fc551daff3 [2026-05-26T09:51:58.663646] deleted files: [] (STDOUT, APP/TASK/deploy)#
#2026 05 26 09:51:59.453#Z#DEBUG#54eb74fc-58e8-11f1-a04b-eeee0a8789dc.ServicioRRHH-db-deployer#flowable-async-job-executor-thread-1696#
[PollExecuteTaskStatusExecution] 7a593235-4373-46e3-884a-87fc551daff3 [2026-05-26T09:51:58.663805] 7 modified or added files are scheduled for deploy based on delta detection (STDOUT, APP/TASK/deploy)#
#2026 05 26 09:51:59.453#Z#DEBUG#54eb74fc-58e8-11f1-a04b-eeee0a8789dc.ServicioRRHH-db-deployer#flowable-async-job-executor-thread-1696#
[PollExecuteTaskStatusExecution] 7a593235-4373-46e3-884a-87fc551daff3 [2026-05-26T09:51:58.664090] 0 deleted files are scheduled for undeploy based on delta detection (filtered by undeploy allowlist) (STDOUT, APP/TASK/deploy)#
#2026 05 26 09:51:59.453#Z#DEBUG#54eb74fc-58e8-11f1-a04b-eeee0a8789dc.ServicioRRHH-db-deployer#flowable-async-job-executor-thread-1696#
[PollExecuteTaskStatusExecution] 7a593235-4373-46e3-884a-87fc551daff3 [2026-05-26T09:51:58.664271] 0 files are scheduled for deploy based on explicit specification (STDOUT, APP/TASK/deploy)#
#2026 05 26 09:51:59.453#Z#DEBUG#54eb74fc-58e8-11f1-a04b-eeee0a8789dc.ServicioRRHH-db-deployer#flowable-async-job-executor-thread-1696#
[PollExecuteTaskStatusExecution] 7a593235-4373-46e3-884a-87fc551daff3 [2026-05-26T09:51:58.664280] 0 files are scheduled for undeploy based on explicit specification (STDOUT, APP/TASK/deploy)#
#2026 05 26 09:51:59.453#Z#DEBUG#54eb74fc-58e8-11f1-a04b-eeee0a8789dc.ServicioRRHH-db-deployer#flowable-async-job-executor-thread-1696#
[PollExecuteTaskStatusExecution] 7a593235-4373-46e3-884a-87fc551daff3 [2026-05-26T09:51:58.664443] Deploying to the container "9C05CCF0A9C44DB786679B854C06C969"... (STDOUT, APP/TASK/deploy)#
#2026 05 26 09:52:09.554#Z#DEBUG#54eb74fc-58e8-11f1-a04b-eeee0a8789dc.ServicioRRHH-db-deployer#flowable-async-job-executor-thread-1652#
[PollExecuteTaskStatusExecution] 7a593235-4373-46e3-884a-87fc551daff3 [2026-05-26T09:51:59.278569] Polling messages for request id: 14 (STDOUT, APP/TASK/deploy)#
#2026 05 26 09:52:09.554#Z#DEBUG#54eb74fc-58e8-11f1-a04b-eeee0a8789dc.ServicioRRHH-db-deployer#flowable-async-job-executor-thread-1652#
[PollExecuteTaskStatusExecution] 7a593235-4373-46e3-884a-87fc551daff3 [2026-05-26T09:51:59.331306] Starting make in the container "9C05CCF0A9C44DB786679B854C06C969" with 7 files to deploy, 0 files to undeploy... (STDOUT, APP/TASK/deploy)#
#2026 05 26 09:52:09.554#Z#DEBUG#54eb74fc-58e8-11f1-a04b-eeee0a8789dc.ServicioRRHH-db-deployer#flowable-async-job-executor-thread-1652#
[PollExecuteTaskStatusExecution] 7a593235-4373-46e3-884a-87fc551daff3 [2026-05-26T09:51:59.331344] Disabling table replication for the container schema "9C05CCF0A9C44DB786679B854C06C969"... (STDOUT, APP/TASK/deploy)#
#2026 05 26 09:52:09.554#Z#DEBUG#54eb74fc-58e8-11f1-a04b-eeee0a8789dc.ServicioRRHH-db-deployer#flowable-async-job-executor-thread-1652#
[PollExecuteTaskStatusExecution] 7a593235-4373-46e3-884a-87fc551daff3 [2026-05-26T09:51:59.331371] Disabling table replication for the container schema "9C05CCF0A9C44DB786679B854C06C969"... ok (0s 12ms) (STDOUT, APP/TASK/deploy)#
#2026 05 26 09:52:09.554#Z#DEBUG#54eb74fc-58e8-11f1-a04b-eeee0a8789dc.ServicioRRHH-db-deployer#flowable-async-job-executor-thread-1652#
[PollExecuteTaskStatusExecution] 7a593235-4373-46e3-884a-87fc551daff3 [2026-05-26T09:51:59.331427] Migrating libraries... (STDOUT, APP/TASK/deploy)#
#2026 05 26 09:52:09.554#Z#DEBUG#54eb74fc-58e8-11f1-a04b-eeee0a8789dc.ServicioRRHH-db-deployer#flowable-async-job-executor-thread-1652#
[PollExecuteTaskStatusExecution] 7a593235-4373-46e3-884a-87fc551daff3 [2026-05-26T09:51:59.331512] Migrating libraries... ok (0s 18ms) (STDOUT, APP/TASK/deploy)#
#2026 05 26 09:52:09.554#Z#DEBUG#54eb74fc-58e8-11f1-a04b-eeee0a8789dc.ServicioRRHH-db-deployer#flowable-async-job-executor-thread-1652#
[PollExecuteTaskStatusExecution] 7a593235-4373-46e3-884a-87fc551daff3 [2026-05-26T09:51:59.331528] Making... (STDOUT, APP/TASK/deploy)#
#2026 05 26 09:52:09.554#Z#DEBUG#54eb74fc-58e8-11f1-a04b-eeee0a8789dc.ServicioRRHH-db-deployer#flowable-async-job-executor-thread-1652#
[PollExecuteTaskStatusExecution] 7a593235-4373-46e3-884a-87fc551daff3 [2026-05-26T09:51:59.331531] Preparing... (STDOUT, APP/TASK/deploy)#
#2026 05 26 09:52:09.554#Z#DEBUG#54eb74fc-58e8-11f1-a04b-eeee0a8789dc.ServicioRRHH-db-deployer#flowable-async-job-executor-thread-1652#
[PollExecuteTaskStatusExecution] 7a593235-4373-46e3-884a-87fc551daff3 [2026-05-26T09:51:59.331577] Preparing the make transaction... (STDOUT, APP/TASK/deploy)#
#2026 05 26 09:52:09.554#Z#DEBUG#54eb74fc-58e8-11f1-a04b-eeee0a8789dc.ServicioRRHH-db-deployer#flowable-async-job-executor-thread-1652#
[PollExecuteTaskStatusExecution] 7a593235-4373-46e3-884a-87fc551daff3 [2026-05-26T09:52:00.343437] Preparing the make transaction... ok (0s 655ms) (STDOUT, APP/TASK/deploy)#
#2026 05 26 09:52:09.554#Z#DEBUG#54eb74fc-58e8-11f1-a04b-eeee0a8789dc.ServicioRRHH-db-deployer#flowable-async-job-executor-thread-1652#
[PollExecuteTaskStatusExecution] 7a593235-4373-46e3-884a-87fc551daff3 [2026-05-26T09:52:00.343572] Deploying the configuration file "src/gen/.hdiconfig"... (STDOUT, APP/TASK/deploy)#
#2026 05 26 09:52:09.554#Z#DEBUG#54eb74fc-58e8-11f1-a04b-eeee0a8789dc.ServicioRRHH-db-deployer#flowable-async-job-executor-thread-1652#
[PollExecuteTaskStatusExecution] 7a593235-4373-46e3-884a-87fc551daff3 [2026-05-26T09:52:00.343638] Deploying the configuration file "src/gen/.hdiconfig"... ok (0s 46ms) (STDOUT, APP/TASK/deploy)#
#2026 05 26 09:52:09.554#Z#DEBUG#54eb74fc-58e8-11f1-a04b-eeee0a8789dc.ServicioRRHH-db-deployer#flowable-async-job-executor-thread-1652#
[PollExecuteTaskStatusExecution] 7a593235-4373-46e3-884a-87fc551daff3 [2026-05-26T09:52:00.343707] Deploying the namespace file "src/gen/.hdinamespace"... (STDOUT, APP/TASK/deploy)#
#2026 05 26 09:52:09.554#Z#DEBUG#54eb74fc-58e8-11f1-a04b-eeee0a8789dc.ServicioRRHH-db-deployer#flowable-async-job-executor-thread-1652#
[PollExecuteTaskStatusExecution] 7a593235-4373-46e3-884a-87fc551daff3 [2026-05-26T09:52:00.344378] Deploying the namespace file "src/gen/.hdinamespace"... ok (0s 27ms) (STDOUT, APP/TASK/deploy)#
#2026 05 26 09:52:09.554#Z#DEBUG#54eb74fc-58e8-11f1-a04b-eeee0a8789dc.ServicioRRHH-db-deployer#flowable-async-job-executor-thread-1652#
[PollExecuteTaskStatusExecution] 7a593235-4373-46e3-884a-87fc551daff3 [2026-05-26T09:52:00.344440] Adding "src/gen/cds.outbox.Messages.hdbtable" for deploy... (STDOUT, APP/TASK/deploy)#
#2026 05 26 09:52:09.554#Z#DEBUG#54eb74fc-58e8-11f1-a04b-eeee0a8789dc.ServicioRRHH-db-deployer#flowable-async-job-executor-thread-1652#
[PollExecuteTaskStatusExecution] 7a593235-4373-46e3-884a-87fc551daff3 [2026-05-26T09:52:00.344499] Adding "src/gen/cds.outbox.Messages.hdbtable" for deploy... ok (0s 48ms) (STDOUT, APP/TASK/deploy)#
#2026 05 26 09:52:09.554#Z#DEBUG#54eb74fc-58e8-11f1-a04b-eeee0a8789dc.ServicioRRHH-db-deployer#flowable-async-job-executor-thread-1652#
[PollExecuteTaskStatusExecution] 7a593235-4373-46e3-884a-87fc551daff3 [2026-05-26T09:52:00.344569] Adding "src/gen/rrhhService.Departamentos.hdbview" for deploy... (STDOUT, APP/TASK/deploy)#
#2026 05 26 09:52:09.554#Z#DEBUG#54eb74fc-58e8-11f1-a04b-eeee0a8789dc.ServicioRRHH-db-deployer#flowable-async-job-executor-thread-1652#
[PollExecuteTaskStatusExecution] 7a593235-4373-46e3-884a-87fc551daff3 [2026-05-26T09:52:00.344624] Adding "src/gen/rrhhService.Departamentos.hdbview" for deploy... ok (0s 1ms) (STDOUT, APP/TASK/deploy)#
#2026 05 26 09:52:09.554#Z#DEBUG#54eb74fc-58e8-11f1-a04b-eeee0a8789dc.ServicioRRHH-db-deployer#flowable-async-job-executor-thread-1652#
[PollExecuteTaskStatusExecution] 7a593235-4373-46e3-884a-87fc551daff3 [2026-05-26T09:52:00.344693] Adding "src/gen/rrhhService.Empleados.hdbview" for deploy... (STDOUT, APP/TASK/deploy)#
#2026 05 26 09:52:09.554#Z#DEBUG#54eb74fc-58e8-11f1-a04b-eeee0a8789dc.ServicioRRHH-db-deployer#flowable-async-job-executor-thread-1652#
[PollExecuteTaskStatusExecution] 7a593235-4373-46e3-884a-87fc551daff3 [2026-05-26T09:52:00.344744] Adding "src/gen/rrhhService.Empleados.hdbview" for deploy... ok (0s 0ms) (STDOUT, APP/TASK/deploy)#
#2026 05 26 09:52:09.554#Z#DEBUG#54eb74fc-58e8-11f1-a04b-eeee0a8789dc.ServicioRRHH-db-deployer#flowable-async-job-executor-thread-1652#
[PollExecuteTaskStatusExecution] 7a593235-4373-46e3-884a-87fc551daff3 [2026-05-26T09:52:00.344809] Adding "src/gen/sap.rrhh.Departamento.hdbtable" for deploy... (STDOUT, APP/TASK/deploy)#
#2026 05 26 09:52:09.554#Z#DEBUG#54eb74fc-58e8-11f1-a04b-eeee0a8789dc.ServicioRRHH-db-deployer#flowable-async-job-executor-thread-1652#
[PollExecuteTaskStatusExecution] 7a593235-4373-46e3-884a-87fc551daff3 [2026-05-26T09:52:00.344855] Adding "src/gen/sap.rrhh.Departamento.hdbtable" for deploy... ok (0s 0ms) (STDOUT, APP/TASK/deploy)#
#2026 05 26 09:52:09.554#Z#DEBUG#54eb74fc-58e8-11f1-a04b-eeee0a8789dc.ServicioRRHH-db-deployer#flowable-async-job-executor-thread-1652#
[PollExecuteTaskStatusExecution] 7a593235-4373-46e3-884a-87fc551daff3 [2026-05-26T09:52:00.344955] Adding "src/gen/sap.rrhh.Empleado.hdbtable" for deploy... (STDOUT, APP/TASK/deploy)#
#2026 05 26 09:52:09.554#Z#DEBUG#54eb74fc-58e8-11f1-a04b-eeee0a8789dc.ServicioRRHH-db-deployer#flowable-async-job-executor-thread-1652#
[PollExecuteTaskStatusExecution] 7a593235-4373-46e3-884a-87fc551daff3 [2026-05-26T09:52:00.344976] Adding "src/gen/sap.rrhh.Empleado.hdbtable" for deploy... ok (0s 0ms) (STDOUT, APP/TASK/deploy)#
#2026 05 26 09:52:09.554#Z#DEBUG#54eb74fc-58e8-11f1-a04b-eeee0a8789dc.ServicioRRHH-db-deployer#flowable-async-job-executor-thread-1652#
[PollExecuteTaskStatusExecution] 7a593235-4373-46e3-884a-87fc551daff3 [2026-05-26T09:52:00.345041] Preparing... ok (0s 861ms) (STDOUT, APP/TASK/deploy)#
#2026 05 26 09:52:09.554#Z#DEBUG#54eb74fc-58e8-11f1-a04b-eeee0a8789dc.ServicioRRHH-db-deployer#flowable-async-job-executor-thread-1652#
[PollExecuteTaskStatusExecution] 7a593235-4373-46e3-884a-87fc551daff3 [2026-05-26T09:52:00.345090] Calculating dependencies... (STDOUT, APP/TASK/deploy)#
#2026 05 26 09:52:09.554#Z#DEBUG#54eb74fc-58e8-11f1-a04b-eeee0a8789dc.ServicioRRHH-db-deployer#flowable-async-job-executor-thread-1652#
[PollExecuteTaskStatusExecution] 7a593235-4373-46e3-884a-87fc551daff3 [2026-05-26T09:52:00.345167] Expanding... (STDOUT, APP/TASK/deploy)#
#2026 05 26 09:52:09.554#Z#DEBUG#54eb74fc-58e8-11f1-a04b-eeee0a8789dc.ServicioRRHH-db-deployer#flowable-async-job-executor-thread-1652#
[PollExecuteTaskStatusExecution] 7a593235-4373-46e3-884a-87fc551daff3 [2026-05-26T09:52:00.345223] Expanding "src/gen/cds.outbox.Messages.hdbtable"... (STDOUT, APP/TASK/deploy)#
#2026 05 26 09:52:09.554#Z#DEBUG#54eb74fc-58e8-11f1-a04b-eeee0a8789dc.ServicioRRHH-db-deployer#flowable-async-job-executor-thread-1652#
[PollExecuteTaskStatusExecution] 7a593235-4373-46e3-884a-87fc551daff3 [2026-05-26T09:52:00.345245] Expanding "src/gen/rrhhService.Departamentos.hdbview"... (STDOUT, APP/TASK/deploy)#
#2026 05 26 09:52:09.554#Z#DEBUG#54eb74fc-58e8-11f1-a04b-eeee0a8789dc.ServicioRRHH-db-deployer#flowable-async-job-executor-thread-1652#
[PollExecuteTaskStatusExecution] 7a593235-4373-46e3-884a-87fc551daff3 [2026-05-26T09:52:00.345262] Expanding "src/gen/rrhhService.Empleados.hdbview"... (STDOUT, APP/TASK/deploy)#
#2026 05 26 09:52:09.554#Z#DEBUG#54eb74fc-58e8-11f1-a04b-eeee0a8789dc.ServicioRRHH-db-deployer#flowable-async-job-executor-thread-1652#
[PollExecuteTaskStatusExecution] 7a593235-4373-46e3-884a-87fc551daff3 [2026-05-26T09:52:00.345345] Expanding "src/gen/sap.rrhh.Departamento.hdbtable"... (STDOUT, APP/TASK/deploy)#
#2026 05 26 09:52:09.554#Z#DEBUG#54eb74fc-58e8-11f1-a04b-eeee0a8789dc.ServicioRRHH-db-deployer#flowable-async-job-executor-thread-1652#
[PollExecuteTaskStatusExecution] 7a593235-4373-46e3-884a-87fc551daff3 [2026-05-26T09:52:00.345387] Expanding "src/gen/cds.outbox.Messages.hdbtable"... ok (0s 18ms) (STDOUT, APP/TASK/deploy)#
#2026 05 26 09:52:09.554#Z#DEBUG#54eb74fc-58e8-11f1-a04b-eeee0a8789dc.ServicioRRHH-db-deployer#flowable-async-job-executor-thread-1652#
[PollExecuteTaskStatusExecution] 7a593235-4373-46e3-884a-87fc551daff3 [2026-05-26T09:52:00.345397] Expanding "src/gen/sap.rrhh.Empleado.hdbtable"... (STDOUT, APP/TASK/deploy)#
#2026 05 26 09:52:09.554#Z#DEBUG#54eb74fc-58e8-11f1-a04b-eeee0a8789dc.ServicioRRHH-db-deployer#flowable-async-job-executor-thread-1652#
[PollExecuteTaskStatusExecution] 7a593235-4373-46e3-884a-87fc551daff3 [2026-05-26T09:52:00.345513] Expanding "src/gen/sap.rrhh.Departamento.hdbtable"... ok (0s 15ms) (STDOUT, APP/TASK/deploy)#
#2026 05 26 09:52:09.554#Z#DEBUG#54eb74fc-58e8-11f1-a04b-eeee0a8789dc.ServicioRRHH-db-deployer#flowable-async-job-executor-thread-1652#
[PollExecuteTaskStatusExecution] 7a593235-4373-46e3-884a-87fc551daff3 [2026-05-26T09:52:00.345573] Expanding "src/gen/rrhhService.Empleados.hdbview"... ok (0s 20ms) (STDOUT, APP/TASK/deploy)#
#2026 05 26 09:52:09.554#Z#DEBUG#54eb74fc-58e8-11f1-a04b-eeee0a8789dc.ServicioRRHH-db-deployer#flowable-async-job-executor-thread-1652#
[PollExecuteTaskStatusExecution] 7a593235-4373-46e3-884a-87fc551daff3 [2026-05-26T09:52:00.345586] Expanding "src/gen/rrhhService.Departamentos.hdbview"... ok (0s 22ms) (STDOUT, APP/TASK/deploy)#
#2026 05 26 09:52:09.554#Z#DEBUG#54eb74fc-58e8-11f1-a04b-eeee0a8789dc.ServicioRRHH-db-deployer#flowable-async-job-executor-thread-1652#
[PollExecuteTaskStatusExecution] 7a593235-4373-46e3-884a-87fc551daff3 [2026-05-26T09:52:00.345596] Expanding "src/gen/sap.rrhh.Empleado.hdbtable"... ok (0s 5ms) (STDOUT, APP/TASK/deploy)#
#2026 05 26 09:52:09.554#Z#DEBUG#54eb74fc-58e8-11f1-a04b-eeee0a8789dc.ServicioRRHH-db-deployer#flowable-async-job-executor-thread-1652#
[PollExecuteTaskStatusExecution] 7a593235-4373-46e3-884a-87fc551daff3 [2026-05-26T09:52:00.345642] Expanding... ok (0s 81ms) (STDOUT, APP/TASK/deploy)#
#2026 05 26 09:52:09.554#Z#DEBUG#54eb74fc-58e8-11f1-a04b-eeee0a8789dc.ServicioRRHH-db-deployer#flowable-async-job-executor-thread-1652#
[PollExecuteTaskStatusExecution] 7a593235-4373-46e3-884a-87fc551daff3 [2026-05-26T09:52:00.345720] Precompiling... (STDOUT, APP/TASK/deploy)#
#2026 05 26 09:52:09.554#Z#DEBUG#54eb74fc-58e8-11f1-a04b-eeee0a8789dc.ServicioRRHH-db-deployer#flowable-async-job-executor-thread-1652#
[PollExecuteTaskStatusExecution] 7a593235-4373-46e3-884a-87fc551daff3 [2026-05-26T09:52:00.345725] Precompiling "src/gen/cds.outbox.Messages.hdbtable"... (STDOUT, APP/TASK/deploy)#
#2026 05 26 09:52:09.554#Z#DEBUG#54eb74fc-58e8-11f1-a04b-eeee0a8789dc.ServicioRRHH-db-deployer#flowable-async-job-executor-thread-1652#
[PollExecuteTaskStatusExecution] 7a593235-4373-46e3-884a-87fc551daff3 [2026-05-26T09:52:00.345728] Precompiling "src/gen/rrhhService.Empleados.hdbview"... (STDOUT, APP/TASK/deploy)#
#2026 05 26 09:52:09.554#Z#DEBUG#54eb74fc-58e8-11f1-a04b-eeee0a8789dc.ServicioRRHH-db-deployer#flowable-async-job-executor-thread-1652#
[PollExecuteTaskStatusExecution] 7a593235-4373-46e3-884a-87fc551daff3 [2026-05-26T09:52:00.345790] Precompiling "src/gen/rrhhService.Departamentos.hdbview"... (STDOUT, APP/TASK/deploy)#
#2026 05 26 09:52:09.554#Z#DEBUG#54eb74fc-58e8-11f1-a04b-eeee0a8789dc.ServicioRRHH-db-deployer#flowable-async-job-executor-thread-1652#
[PollExecuteTaskStatusExecution] 7a593235-4373-46e3-884a-87fc551daff3 [2026-05-26T09:52:00.345876] Precompiling "src/gen/sap.rrhh.Departamento.hdbtable"... (STDOUT, APP/TASK/deploy)#
#2026 05 26 09:52:09.554#Z#DEBUG#54eb74fc-58e8-11f1-a04b-eeee0a8789dc.ServicioRRHH-db-deployer#flowable-async-job-executor-thread-1652#
[PollExecuteTaskStatusExecution] 7a593235-4373-46e3-884a-87fc551daff3 [2026-05-26T09:52:00.345928] Precompiling "src/gen/cds.outbox.Messages.hdbtable"... ok (0s 10ms) (STDOUT, APP/TASK/deploy)#
#2026 05 26 09:52:09.554#Z#DEBUG#54eb74fc-58e8-11f1-a04b-eeee0a8789dc.ServicioRRHH-db-deployer#flowable-async-job-executor-thread-1652#
[PollExecuteTaskStatusExecution] 7a593235-4373-46e3-884a-87fc551daff3 [2026-05-26T09:52:00.345933] Precompiling "src/gen/sap.rrhh.Empleado.hdbtable"... (STDOUT, APP/TASK/deploy)#
#2026 05 26 09:52:09.554#Z#DEBUG#54eb74fc-58e8-11f1-a04b-eeee0a8789dc.ServicioRRHH-db-deployer#flowable-async-job-executor-thread-1652#
[PollExecuteTaskStatusExecution] 7a593235-4373-46e3-884a-87fc551daff3 [2026-05-26T09:52:00.345939] Precompiling "src/gen/rrhhService.Empleados.hdbview"... ok (0s 11ms) (STDOUT, APP/TASK/deploy)#
#2026 05 26 09:52:09.554#Z#DEBUG#54eb74fc-58e8-11f1-a04b-eeee0a8789dc.ServicioRRHH-db-deployer#flowable-async-job-executor-thread-1652#
[PollExecuteTaskStatusExecution] 7a593235-4373-46e3-884a-87fc551daff3 [2026-05-26T09:52:00.346007] Precompiling "src/gen/sap.rrhh.Departamento.hdbtable"... ok (0s 11ms) (STDOUT, APP/TASK/deploy)#
#2026 05 26 09:52:09.554#Z#DEBUG#54eb74fc-58e8-11f1-a04b-eeee0a8789dc.ServicioRRHH-db-deployer#flowable-async-job-executor-thread-1652#
[PollExecuteTaskStatusExecution] 7a593235-4373-46e3-884a-87fc551daff3 [2026-05-26T09:52:00.346056] Precompiling "src/gen/rrhhService.Departamentos.hdbview"... ok (0s 12ms) (STDOUT, APP/TASK/deploy)#
#2026 05 26 09:52:09.554#Z#DEBUG#54eb74fc-58e8-11f1-a04b-eeee0a8789dc.ServicioRRHH-db-deployer#flowable-async-job-executor-thread-1652#
[PollExecuteTaskStatusExecution] 7a593235-4373-46e3-884a-87fc551daff3 [2026-05-26T09:52:00.346121] Precompiling "src/gen/sap.rrhh.Empleado.hdbtable"... ok (0s 7ms) (STDOUT, APP/TASK/deploy)#
#2026 05 26 09:52:09.554#Z#DEBUG#54eb74fc-58e8-11f1-a04b-eeee0a8789dc.ServicioRRHH-db-deployer#flowable-async-job-executor-thread-1652#
[PollExecuteTaskStatusExecution] 7a593235-4373-46e3-884a-87fc551daff3 [2026-05-26T09:52:00.346179] Precompiling... ok (0s 36ms) (STDOUT, APP/TASK/deploy)#
#2026 05 26 09:52:09.554#Z#DEBUG#54eb74fc-58e8-11f1-a04b-eeee0a8789dc.ServicioRRHH-db-deployer#flowable-async-job-executor-thread-1652#
[PollExecuteTaskStatusExecution] 7a593235-4373-46e3-884a-87fc551daff3 [2026-05-26T09:52:00.346234] Merging... (STDOUT, APP/TASK/deploy)#
#2026 05 26 09:52:09.554#Z#DEBUG#54eb74fc-58e8-11f1-a04b-eeee0a8789dc.ServicioRRHH-db-deployer#flowable-async-job-executor-thread-1652#
[PollExecuteTaskStatusExecution] 7a593235-4373-46e3-884a-87fc551daff3 [2026-05-26T09:52:00.346256] Merging... ok (0s 26ms) (STDOUT, APP/TASK/deploy)#
#2026 05 26 09:52:09.554#Z#DEBUG#54eb74fc-58e8-11f1-a04b-eeee0a8789dc.ServicioRRHH-db-deployer#flowable-async-job-executor-thread-1652#
[PollExecuteTaskStatusExecution] 7a593235-4373-46e3-884a-87fc551daff3 [2026-05-26T09:52:00.346316] Calculating dependencies... ok (0s 143ms) (STDOUT, APP/TASK/deploy)#
#2026 05 26 09:52:09.554#Z#DEBUG#54eb74fc-58e8-11f1-a04b-eeee0a8789dc.ServicioRRHH-db-deployer#flowable-async-job-executor-thread-1652#
[PollExecuteTaskStatusExecution] 7a593235-4373-46e3-884a-87fc551daff3 [2026-05-26T09:52:00.346362] Processing work list... (STDOUT, APP/TASK/deploy)#
#2026 05 26 09:52:09.554#Z#DEBUG#54eb74fc-58e8-11f1-a04b-eeee0a8789dc.ServicioRRHH-db-deployer#flowable-async-job-executor-thread-1652#
[PollExecuteTaskStatusExecution] 7a593235-4373-46e3-884a-87fc551daff3 [2026-05-26T09:52:00.346456] Deploying "src/gen/cds.outbox.Messages.hdbtable"... (STDOUT, APP/TASK/deploy)#
#2026 05 26 09:52:09.554#Z#DEBUG#54eb74fc-58e8-11f1-a04b-eeee0a8789dc.ServicioRRHH-db-deployer#flowable-async-job-executor-thread-1652#
[PollExecuteTaskStatusExecution] 7a593235-4373-46e3-884a-87fc551daff3 [2026-05-26T09:52:00.346475] Deploying "src/gen/sap.rrhh.Departamento.hdbtable"... (STDOUT, APP/TASK/deploy)#
#2026 05 26 09:52:09.554#Z#DEBUG#54eb74fc-58e8-11f1-a04b-eeee0a8789dc.ServicioRRHH-db-deployer#flowable-async-job-executor-thread-1652#
[PollExecuteTaskStatusExecution] 7a593235-4373-46e3-884a-87fc551daff3 [2026-05-26T09:52:00.346527] Deploying "src/gen/sap.rrhh.Empleado.hdbtable"... (STDOUT, APP/TASK/deploy)#
#2026 05 26 09:52:09.554#Z#DEBUG#54eb74fc-58e8-11f1-a04b-eeee0a8789dc.ServicioRRHH-db-deployer#flowable-async-job-executor-thread-1652#
[PollExecuteTaskStatusExecution] 7a593235-4373-46e3-884a-87fc551daff3 [2026-05-26T09:52:00.576476] Deploying "src/gen/cds.outbox.Messages.hdbtable"... ok (0s 210ms) (STDOUT, APP/TASK/deploy)#
#2026 05 26 09:52:09.554#Z#DEBUG#54eb74fc-58e8-11f1-a04b-eeee0a8789dc.ServicioRRHH-db-deployer#flowable-async-job-executor-thread-1652#
[PollExecuteTaskStatusExecution] 7a593235-4373-46e3-884a-87fc551daff3 [2026-05-26T09:52:00.576515] Deploying "src/gen/sap.rrhh.Departamento.hdbtable"... ok (0s 215ms) (STDOUT, APP/TASK/deploy)#
#2026 05 26 09:52:09.554#Z#DEBUG#54eb74fc-58e8-11f1-a04b-eeee0a8789dc.ServicioRRHH-db-deployer#flowable-async-job-executor-thread-1652#
[PollExecuteTaskStatusExecution] 7a593235-4373-46e3-884a-87fc551daff3 [2026-05-26T09:52:00.576598] Deploying "src/gen/rrhhService.Departamentos.hdbview"... (STDOUT, APP/TASK/deploy)#
#2026 05 26 09:52:09.554#Z#DEBUG#54eb74fc-58e8-11f1-a04b-eeee0a8789dc.ServicioRRHH-db-deployer#flowable-async-job-executor-thread-1652#
[PollExecuteTaskStatusExecution] 7a593235-4373-46e3-884a-87fc551daff3 [2026-05-26T09:52:00.576622] Deploying "src/gen/sap.rrhh.Empleado.hdbtable"... ok (0s 214ms) (STDOUT, APP/TASK/deploy)#
#2026 05 26 09:52:09.554#Z#DEBUG#54eb74fc-58e8-11f1-a04b-eeee0a8789dc.ServicioRRHH-db-deployer#flowable-async-job-executor-thread-1652#
[PollExecuteTaskStatusExecution] 7a593235-4373-46e3-884a-87fc551daff3 [2026-05-26T09:52:00.576726] Deploying "src/gen/rrhhService.Empleados.hdbview"... (STDOUT, APP/TASK/deploy)#
#2026 05 26 09:52:09.554#Z#DEBUG#54eb74fc-58e8-11f1-a04b-eeee0a8789dc.ServicioRRHH-db-deployer#flowable-async-job-executor-thread-1652#
[PollExecuteTaskStatusExecution] 7a593235-4373-46e3-884a-87fc551daff3 [2026-05-26T09:52:00.576793] Deploying "src/gen/rrhhService.Departamentos.hdbview"... ok (0s 54ms) (STDOUT, APP/TASK/deploy)#
#2026 05 26 09:52:09.554#Z#DEBUG#54eb74fc-58e8-11f1-a04b-eeee0a8789dc.ServicioRRHH-db-deployer#flowable-async-job-executor-thread-1652#
[PollExecuteTaskStatusExecution] 7a593235-4373-46e3-884a-87fc551daff3 [2026-05-26T09:52:00.576850] Deploying "src/gen/rrhhService.Empleados.hdbview"... ok (0s 55ms) (STDOUT, APP/TASK/deploy)#
#2026 05 26 09:52:09.554#Z#DEBUG#54eb74fc-58e8-11f1-a04b-eeee0a8789dc.ServicioRRHH-db-deployer#flowable-async-job-executor-thread-1652#
[PollExecuteTaskStatusExecution] 7a593235-4373-46e3-884a-87fc551daff3 [2026-05-26T09:52:00.576938] Processing work list... ok (0s 293ms) (STDOUT, APP/TASK/deploy)#
#2026 05 26 09:52:09.554#Z#DEBUG#54eb74fc-58e8-11f1-a04b-eeee0a8789dc.ServicioRRHH-db-deployer#flowable-async-job-executor-thread-1652#
[PollExecuteTaskStatusExecution] 7a593235-4373-46e3-884a-87fc551daff3 [2026-05-26T09:52:00.577024] Finalizing... (STDOUT, APP/TASK/deploy)#
#2026 05 26 09:52:09.554#Z#DEBUG#54eb74fc-58e8-11f1-a04b-eeee0a8789dc.ServicioRRHH-db-deployer#flowable-async-job-executor-thread-1652#
[PollExecuteTaskStatusExecution] 7a593235-4373-46e3-884a-87fc551daff3 [2026-05-26T09:52:00.577136] Finalizing... ok (0s 89ms) (STDOUT, APP/TASK/deploy)#
#2026 05 26 09:52:09.554#Z#DEBUG#54eb74fc-58e8-11f1-a04b-eeee0a8789dc.ServicioRRHH-db-deployer#flowable-async-job-executor-thread-1652#
[PollExecuteTaskStatusExecution] 7a593235-4373-46e3-884a-87fc551daff3 [2026-05-26T09:52:00.577207] Make succeeded (0 warnings): 7 files deployed (effective 7), 0 files undeployed (effective 0), 0 dependent files redeployed (STDOUT, APP/TASK/deploy)#
#2026 05 26 09:52:09.554#Z#DEBUG#54eb74fc-58e8-11f1-a04b-eeee0a8789dc.ServicioRRHH-db-deployer#flowable-async-job-executor-thread-1652#
[PollExecuteTaskStatusExecution] 7a593235-4373-46e3-884a-87fc551daff3 [2026-05-26T09:52:00.577219] Making... ok (1s 599ms) (STDOUT, APP/TASK/deploy)#
#2026 05 26 09:52:09.554#Z#DEBUG#54eb74fc-58e8-11f1-a04b-eeee0a8789dc.ServicioRRHH-db-deployer#flowable-async-job-executor-thread-1652#
[PollExecuteTaskStatusExecution] 7a593235-4373-46e3-884a-87fc551daff3 [2026-05-26T09:52:00.577239] Enabling table replication for the container schema "9C05CCF0A9C44DB786679B854C06C969"... (STDOUT, APP/TASK/deploy)#
#2026 05 26 09:52:09.554#Z#DEBUG#54eb74fc-58e8-11f1-a04b-eeee0a8789dc.ServicioRRHH-db-deployer#flowable-async-job-executor-thread-1652#
[PollExecuteTaskStatusExecution] 7a593235-4373-46e3-884a-87fc551daff3 [2026-05-26T09:52:00.577347] Enabling table replication for the container schema "9C05CCF0A9C44DB786679B854C06C969"... ok (0s 9ms) (STDOUT, APP/TASK/deploy)#
#2026 05 26 09:52:09.554#Z#DEBUG#54eb74fc-58e8-11f1-a04b-eeee0a8789dc.ServicioRRHH-db-deployer#flowable-async-job-executor-thread-1652#
[PollExecuteTaskStatusExecution] 7a593235-4373-46e3-884a-87fc551daff3 [2026-05-26T09:52:00.577909] Starting make in the container "9C05CCF0A9C44DB786679B854C06C969" with 7 files to deploy, 0 files to undeploy... ok (1s 666ms) (STDOUT, APP/TASK/deploy)#
#2026 05 26 09:52:09.554#Z#DEBUG#54eb74fc-58e8-11f1-a04b-eeee0a8789dc.ServicioRRHH-db-deployer#flowable-async-job-executor-thread-1652#
[PollExecuteTaskStatusExecution] 7a593235-4373-46e3-884a-87fc551daff3 [2026-05-26T09:52:00.578037] Deploying to the container "9C05CCF0A9C44DB786679B854C06C969"... ok (1s 914ms) (STDOUT, APP/TASK/deploy)#
#2026 05 26 09:52:09.554#Z#DEBUG#54eb74fc-58e8-11f1-a04b-eeee0a8789dc.ServicioRRHH-db-deployer#flowable-async-job-executor-thread-1652#
[PollExecuteTaskStatusExecution] 7a593235-4373-46e3-884a-87fc551daff3 [2026-05-26T09:52:00.578423] No default-access-role handling needed; global role "9C05CCF0A9C44DB786679B854C06C969::access_role" will not be adapted (STDOUT, APP/TASK/deploy)#
#2026 05 26 09:52:09.554#Z#DEBUG#54eb74fc-58e8-11f1-a04b-eeee0a8789dc.ServicioRRHH-db-deployer#flowable-async-job-executor-thread-1652#
[PollExecuteTaskStatusExecution] 7a593235-4373-46e3-884a-87fc551daff3 [2026-05-26T09:52:00.578574] Unlocking the container "9C05CCF0A9C44DB786679B854C06C969"... (STDOUT, APP/TASK/deploy)#
#2026 05 26 09:52:09.554#Z#DEBUG#54eb74fc-58e8-11f1-a04b-eeee0a8789dc.ServicioRRHH-db-deployer#flowable-async-job-executor-thread-1652#
[PollExecuteTaskStatusExecution] 7a593235-4373-46e3-884a-87fc551daff3 [2026-05-26T09:52:00.579233] Unlocking the container "9C05CCF0A9C44DB786679B854C06C969"... ok (0s 0ms) (STDOUT, APP/TASK/deploy)#
#2026 05 26 09:52:09.554#Z#DEBUG#54eb74fc-58e8-11f1-a04b-eeee0a8789dc.ServicioRRHH-db-deployer#flowable-async-job-executor-thread-1652#
[PollExecuteTaskStatusExecution] 7a593235-4373-46e3-884a-87fc551daff3 [2026-05-26T09:52:00.579412] Deployment to container 9C05CCF0A9C44DB786679B854C06C969 done [Deployment ID: none]. (STDOUT, APP/TASK/deploy)#
#2026 05 26 09:52:09.554#Z#DEBUG#54eb74fc-58e8-11f1-a04b-eeee0a8789dc.ServicioRRHH-db-deployer#flowable-async-job-executor-thread-1652#
[PollExecuteTaskStatusExecution] 7a593235-4373-46e3-884a-87fc551daff3 [2026-05-26T09:52:00.580083] Deployment ended at 2026-05-26 09:52:00 (STDOUT, APP/TASK/deploy)#
#2026 05 26 09:52:09.554#Z#DEBUG#54eb74fc-58e8-11f1-a04b-eeee0a8789dc.ServicioRRHH-db-deployer#flowable-async-job-executor-thread-1652#
[PollExecuteTaskStatusExecution] 7a593235-4373-46e3-884a-87fc551daff3 [2026-05-26T09:52:00.580551] (3s 814ms) (STDOUT, APP/TASK/deploy)#
#2026 05 26 09:52:09.554#Z#DEBUG#54eb74fc-58e8-11f1-a04b-eeee0a8789dc.ServicioRRHH-db-deployer#flowable-async-job-executor-thread-1652#
[PollExecuteTaskStatusExecution] 7a593235-4373-46e3-884a-87fc551daff3 [2026-05-26T09:52:00.596474] npm notice (STDERR, APP/TASK/deploy)#
#2026 05 26 09:52:09.554#Z#DEBUG#54eb74fc-58e8-11f1-a04b-eeee0a8789dc.ServicioRRHH-db-deployer#flowable-async-job-executor-thread-1652#
[PollExecuteTaskStatusExecution] 7a593235-4373-46e3-884a-87fc551daff3 [2026-05-26T09:52:00.596504] npm notice New minor version of npm available! 11.6.2 -> 11.15.0 (STDERR, APP/TASK/deploy)#
#2026 05 26 09:52:09.554#Z#DEBUG#54eb74fc-58e8-11f1-a04b-eeee0a8789dc.ServicioRRHH-db-deployer#flowable-async-job-executor-thread-1652#
[PollExecuteTaskStatusExecution] 7a593235-4373-46e3-884a-87fc551daff3 [2026-05-26T09:52:00.596509] npm notice Changelog: https://github.com/npm/cli/releases/tag/v11.15.0 (STDERR, APP/TASK/deploy)#
#2026 05 26 09:52:09.554#Z#DEBUG#54eb74fc-58e8-11f1-a04b-eeee0a8789dc.ServicioRRHH-db-deployer#flowable-async-job-executor-thread-1652#
[PollExecuteTaskStatusExecution] 7a593235-4373-46e3-884a-87fc551daff3 [2026-05-26T09:52:00.596511] npm notice To update run: npm install -g npm@11.15.0 (STDERR, APP/TASK/deploy)#
#2026 05 26 09:52:09.554#Z#DEBUG#54eb74fc-58e8-11f1-a04b-eeee0a8789dc.ServicioRRHH-db-deployer#flowable-async-job-executor-thread-1652#
[PollExecuteTaskStatusExecution] 7a593235-4373-46e3-884a-87fc551daff3 [2026-05-26T09:52:00.596514] npm notice (STDERR, APP/TASK/deploy)#
#2026 05 26 09:52:09.554#Z#DEBUG#54eb74fc-58e8-11f1-a04b-eeee0a8789dc.ServicioRRHH-db-deployer#flowable-async-job-executor-thread-1652#
[PollExecuteTaskStatusExecution] 7a593235-4373-46e3-884a-87fc551daff3 [2026-05-26T09:52:00.674030] Exit status 0 (STDOUT, APP/TASK/deploy)#
#2026 05 26 09:52:09.554#Z#DEBUG#54eb74fc-58e8-11f1-a04b-eeee0a8789dc.ServicioRRHH-db-deployer#flowable-async-job-executor-thread-1652#
[PollExecuteTaskStatusExecution] 7a593235-4373-46e3-884a-87fc551daff3 [2026-05-26T09:52:01.247585] Cell 77283d80-dfa7-40ba-ba4e-265aef112085 stopping instance 0576c349-c939-4816-977f-7b6fbce97469 (STDOUT, CELL)#
#2026 05 26 09:52:09.554#Z#DEBUG#54eb74fc-58e8-11f1-a04b-eeee0a8789dc.ServicioRRHH-db-deployer#flowable-async-job-executor-thread-1652#
[PollExecuteTaskStatusExecution] 7a593235-4373-46e3-884a-87fc551daff3 [2026-05-26T09:52:01.247626] Cell 77283d80-dfa7-40ba-ba4e-265aef112085 destroying container for instance 0576c349-c939-4816-977f-7b6fbce97469 (STDOUT, CELL)#
#2026 05 26 09:52:09.554#Z#DEBUG#54eb74fc-58e8-11f1-a04b-eeee0a8789dc.ServicioRRHH-db-deployer#flowable-async-job-executor-thread-1652#
[PollExecuteTaskStatusExecution] 7a593235-4373-46e3-884a-87fc551daff3 [2026-05-26T09:52:04.834789] Cell 77283d80-dfa7-40ba-ba4e-265aef112085 successfully destroyed container for instance 0576c349-c939-4816-977f-7b6fbce97469 (STDOUT, CELL)#
