#2026 05 26 09:51:39.260#Z#DEBUG#54eb74fc-58e8-11f1-a04b-eeee0a8789dc.ServicioRRHH-srv#flowable-async-job-executor-thread-1680#
[PollStageAppStatusExecution] 824b158a-2801-42d7-b810-dd55c374775b [2026-05-26T09:50:49.474811] Added process: "web" (STDOUT, API)#
#2026 05 26 09:51:39.260#Z#DEBUG#54eb74fc-58e8-11f1-a04b-eeee0a8789dc.ServicioRRHH-srv#flowable-async-job-executor-thread-1680#
[PollStageAppStatusExecution] 824b158a-2801-42d7-b810-dd55c374775b [2026-05-26T09:50:49.482379] Created app with guid 824b158a-2801-42d7-b810-dd55c374775b (STDOUT, API)#
#2026 05 26 09:51:39.260#Z#DEBUG#54eb74fc-58e8-11f1-a04b-eeee0a8789dc.ServicioRRHH-srv#flowable-async-job-executor-thread-1680#
[PollStageAppStatusExecution] 824b158a-2801-42d7-b810-dd55c374775b [2026-05-26T09:50:49.568911] Updating process: "web" (STDOUT, API)#
#2026 05 26 09:51:39.260#Z#DEBUG#54eb74fc-58e8-11f1-a04b-eeee0a8789dc.ServicioRRHH-srv#flowable-async-job-executor-thread-1680#
[PollStageAppStatusExecution] 824b158a-2801-42d7-b810-dd55c374775b [2026-05-26T09:50:49.624842] Scaling process: "web" (STDOUT, API)#
#2026 05 26 09:51:39.260#Z#DEBUG#54eb74fc-58e8-11f1-a04b-eeee0a8789dc.ServicioRRHH-srv#flowable-async-job-executor-thread-1680#
[PollStageAppStatusExecution] 824b158a-2801-42d7-b810-dd55c374775b [2026-05-26T09:51:19.186628] Uploading app package for app with guid 824b158a-2801-42d7-b810-dd55c374775b (STDOUT, API)#
#2026 05 26 09:51:39.260#Z#DEBUG#54eb74fc-58e8-11f1-a04b-eeee0a8789dc.ServicioRRHH-srv#flowable-async-job-executor-thread-1680#
[PollStageAppStatusExecution] 824b158a-2801-42d7-b810-dd55c374775b [2026-05-26T09:51:19.391323] Updated app with guid 824b158a-2801-42d7-b810-dd55c374775b ({"environment_variables"=>"[PRIVATE DATA HIDDEN]"}) (STDOUT, API)#
#2026 05 26 09:51:39.260#Z#DEBUG#54eb74fc-58e8-11f1-a04b-eeee0a8789dc.ServicioRRHH-srv#flowable-async-job-executor-thread-1680#
[PollStageAppStatusExecution] 824b158a-2801-42d7-b810-dd55c374775b [2026-05-26T09:51:29.344374] Creating build for app with guid 824b158a-2801-42d7-b810-dd55c374775b (STDOUT, API)#
#2026 05 26 09:51:39.260#Z#DEBUG#54eb74fc-58e8-11f1-a04b-eeee0a8789dc.ServicioRRHH-srv#flowable-async-job-executor-thread-1680#
[PollStageAppStatusExecution] 824b158a-2801-42d7-b810-dd55c374775b [2026-05-26T09:51:29.770341] Downloading nodejs_buildpack... (STDOUT, STG)#
#2026 05 26 09:51:39.260#Z#DEBUG#54eb74fc-58e8-11f1-a04b-eeee0a8789dc.ServicioRRHH-srv#flowable-async-job-executor-thread-1680#
[PollStageAppStatusExecution] 824b158a-2801-42d7-b810-dd55c374775b [2026-05-26T09:51:29.839003] Downloaded nodejs_buildpack (STDOUT, STG)#
#2026 05 26 09:51:39.260#Z#DEBUG#54eb74fc-58e8-11f1-a04b-eeee0a8789dc.ServicioRRHH-srv#flowable-async-job-executor-thread-1680#
[PollStageAppStatusExecution] 824b158a-2801-42d7-b810-dd55c374775b [2026-05-26T09:51:29.839090] Cell d1cc041a-d5a1-41d6-b9f6-6cda736ce3f0 creating container for instance 85c227a1-53b1-4d15-82cd-c5197375ab96 (STDOUT, STG)#
#2026 05 26 09:51:39.260#Z#DEBUG#54eb74fc-58e8-11f1-a04b-eeee0a8789dc.ServicioRRHH-srv#flowable-async-job-executor-thread-1680#
[PollStageAppStatusExecution] 824b158a-2801-42d7-b810-dd55c374775b [2026-05-26T09:51:30.897770] Security group rules were updated (STDOUT, STG)#
#2026 05 26 09:51:39.260#Z#DEBUG#54eb74fc-58e8-11f1-a04b-eeee0a8789dc.ServicioRRHH-srv#flowable-async-job-executor-thread-1680#
[PollStageAppStatusExecution] 824b158a-2801-42d7-b810-dd55c374775b [2026-05-26T09:51:31.009523] Cell d1cc041a-d5a1-41d6-b9f6-6cda736ce3f0 successfully created container for instance 85c227a1-53b1-4d15-82cd-c5197375ab96 (STDOUT, STG)#
#2026 05 26 09:51:39.260#Z#DEBUG#54eb74fc-58e8-11f1-a04b-eeee0a8789dc.ServicioRRHH-srv#flowable-async-job-executor-thread-1680#
[PollStageAppStatusExecution] 824b158a-2801-42d7-b810-dd55c374775b [2026-05-26T09:51:32.399868] Downloading app package... (STDOUT, STG)#
#2026 05 26 09:51:39.260#Z#DEBUG#54eb74fc-58e8-11f1-a04b-eeee0a8789dc.ServicioRRHH-srv#flowable-async-job-executor-thread-1680#
[PollStageAppStatusExecution] 824b158a-2801-42d7-b810-dd55c374775b [2026-05-26T09:51:32.980133] Downloaded app package (3.5M) (STDOUT, STG)#
#2026 05 26 09:51:39.260#Z#DEBUG#54eb74fc-58e8-11f1-a04b-eeee0a8789dc.ServicioRRHH-srv#flowable-async-job-executor-thread-1680#
[PollStageAppStatusExecution] 824b158a-2801-42d7-b810-dd55c374775b [2026-05-26T09:51:33.116821] -----> Nodejs Buildpack version 1.8.44 (STDOUT, STG)#
#2026 05 26 09:51:39.260#Z#DEBUG#54eb74fc-58e8-11f1-a04b-eeee0a8789dc.ServicioRRHH-srv#flowable-async-job-executor-thread-1680#
[PollStageAppStatusExecution] 824b158a-2801-42d7-b810-dd55c374775b [2026-05-26T09:51:33.393499] -----> Bootstrapping python (STDOUT, STG)#
#2026 05 26 09:51:39.260#Z#DEBUG#54eb74fc-58e8-11f1-a04b-eeee0a8789dc.ServicioRRHH-srv#flowable-async-job-executor-thread-1680#
[PollStageAppStatusExecution] 824b158a-2801-42d7-b810-dd55c374775b [2026-05-26T09:51:33.393528] -----> Installing python 3.11.14 (STDOUT, STG)#
#2026 05 26 09:51:39.260#Z#DEBUG#54eb74fc-58e8-11f1-a04b-eeee0a8789dc.ServicioRRHH-srv#flowable-async-job-executor-thread-1680#
[PollStageAppStatusExecution] 824b158a-2801-42d7-b810-dd55c374775b [2026-05-26T09:51:33.393606] Copy [/tmp/buildpacks/978cee5ec9c58000/dependencies/b5e0345ae0ae1932e7d56fffaa49a487/python_3.11.14_linux_x64_cflinuxfs4_66f53248.tgz] (STDOUT, STG)#
#2026 05 26 09:51:39.260#Z#DEBUG#54eb74fc-58e8-11f1-a04b-eeee0a8789dc.ServicioRRHH-srv#flowable-async-job-executor-thread-1680#
[PollStageAppStatusExecution] 824b158a-2801-42d7-b810-dd55c374775b [2026-05-26T09:51:38.630372] -----> Installing binaries (STDOUT, STG)#
#2026 05 26 09:51:39.260#Z#DEBUG#54eb74fc-58e8-11f1-a04b-eeee0a8789dc.ServicioRRHH-srv#flowable-async-job-executor-thread-1680#
[PollStageAppStatusExecution] 824b158a-2801-42d7-b810-dd55c374775b [2026-05-26T09:51:38.630552] engines.node (package.json): >=20 (STDOUT, STG)#
#2026 05 26 09:51:39.260#Z#DEBUG#54eb74fc-58e8-11f1-a04b-eeee0a8789dc.ServicioRRHH-srv#flowable-async-job-executor-thread-1680#
[PollStageAppStatusExecution] 824b158a-2801-42d7-b810-dd55c374775b [2026-05-26T09:51:38.630569] engines.npm (package.json): unspecified (use default) (STDOUT, STG)#
#2026 05 26 09:51:39.260#Z#DEBUG#54eb74fc-58e8-11f1-a04b-eeee0a8789dc.ServicioRRHH-srv#flowable-async-job-executor-thread-1680#
[PollStageAppStatusExecution] 824b158a-2801-42d7-b810-dd55c374775b [2026-05-26T09:51:38.630585] [31;1m**WARNING**[0m Dangerous semver range (>) in engines.node. See: http://docs.cloudfoundry.org/buildpacks/node/node-tips.html (STDOUT, STG)#
#2026 05 26 09:51:39.260#Z#DEBUG#54eb74fc-58e8-11f1-a04b-eeee0a8789dc.ServicioRRHH-srv#flowable-async-job-executor-thread-1680#
[PollStageAppStatusExecution] 824b158a-2801-42d7-b810-dd55c374775b [2026-05-26T09:51:38.630907] -----> Installing node 24.13.0 (STDOUT, STG)#
#2026 05 26 09:51:39.260#Z#DEBUG#54eb74fc-58e8-11f1-a04b-eeee0a8789dc.ServicioRRHH-srv#flowable-async-job-executor-thread-1680#
[PollStageAppStatusExecution] 824b158a-2801-42d7-b810-dd55c374775b [2026-05-26T09:51:38.631042] Copy [/tmp/buildpacks/978cee5ec9c58000/dependencies/2f5692219fecc3eee6e6d507a6bfe7b9/node_24.13.0_linux_x64_cflinuxfs4_a816dee1.tgz] (STDOUT, STG)#
#2026 05 26 09:51:49.343#Z#DEBUG#54eb74fc-58e8-11f1-a04b-eeee0a8789dc.ServicioRRHH-srv#flowable-async-job-executor-thread-1635#
[PollStageAppStatusExecution] 824b158a-2801-42d7-b810-dd55c374775b [2026-05-26T09:51:41.591151] Using default npm version: 11.6.2 (STDOUT, STG)#
#2026 05 26 09:51:49.343#Z#DEBUG#54eb74fc-58e8-11f1-a04b-eeee0a8789dc.ServicioRRHH-srv#flowable-async-job-executor-thread-1635#
[PollStageAppStatusExecution] 824b158a-2801-42d7-b810-dd55c374775b [2026-05-26T09:51:41.591184] -----> Installing yarn 1.22.22 (STDOUT, STG)#
#2026 05 26 09:51:49.343#Z#DEBUG#54eb74fc-58e8-11f1-a04b-eeee0a8789dc.ServicioRRHH-srv#flowable-async-job-executor-thread-1635#
[PollStageAppStatusExecution] 824b158a-2801-42d7-b810-dd55c374775b [2026-05-26T09:51:41.591665] Copy [/tmp/buildpacks/978cee5ec9c58000/dependencies/e3a39aedd1236924d69cc2d0637a8ed2/yarn_1.22.22_linux_noarch_any-stack_4911d0a6.tgz] (STDOUT, STG)#
#2026 05 26 09:51:49.343#Z#DEBUG#54eb74fc-58e8-11f1-a04b-eeee0a8789dc.ServicioRRHH-srv#flowable-async-job-executor-thread-1635#
[PollStageAppStatusExecution] 824b158a-2801-42d7-b810-dd55c374775b [2026-05-26T09:51:41.981966] Installed yarn 1.22.22 (STDOUT, STG)#
#2026 05 26 09:51:49.343#Z#DEBUG#54eb74fc-58e8-11f1-a04b-eeee0a8789dc.ServicioRRHH-srv#flowable-async-job-executor-thread-1635#
[PollStageAppStatusExecution] 824b158a-2801-42d7-b810-dd55c374775b [2026-05-26T09:51:41.981997] -----> Creating runtime environment (STDOUT, STG)#
#2026 05 26 09:51:49.343#Z#DEBUG#54eb74fc-58e8-11f1-a04b-eeee0a8789dc.ServicioRRHH-srv#flowable-async-job-executor-thread-1635#
[PollStageAppStatusExecution] 824b158a-2801-42d7-b810-dd55c374775b [2026-05-26T09:51:41.983906] NODE_ENV=production (STDOUT, STG)#
#2026 05 26 09:51:49.343#Z#DEBUG#54eb74fc-58e8-11f1-a04b-eeee0a8789dc.ServicioRRHH-srv#flowable-async-job-executor-thread-1635#
[PollStageAppStatusExecution] 824b158a-2801-42d7-b810-dd55c374775b [2026-05-26T09:51:41.983980] NODE_HOME=/tmp/contents2427599963/deps/0/node (STDOUT, STG)#
#2026 05 26 09:51:49.343#Z#DEBUG#54eb74fc-58e8-11f1-a04b-eeee0a8789dc.ServicioRRHH-srv#flowable-async-job-executor-thread-1635#
[PollStageAppStatusExecution] 824b158a-2801-42d7-b810-dd55c374775b [2026-05-26T09:51:41.983994] NODE_MODULES_CACHE=true (STDOUT, STG)#
#2026 05 26 09:51:49.343#Z#DEBUG#54eb74fc-58e8-11f1-a04b-eeee0a8789dc.ServicioRRHH-srv#flowable-async-job-executor-thread-1635#
[PollStageAppStatusExecution] 824b158a-2801-42d7-b810-dd55c374775b [2026-05-26T09:51:41.984071] NODE_VERBOSE=false (STDOUT, STG)#
#2026 05 26 09:51:49.343#Z#DEBUG#54eb74fc-58e8-11f1-a04b-eeee0a8789dc.ServicioRRHH-srv#flowable-async-job-executor-thread-1635#
[PollStageAppStatusExecution] 824b158a-2801-42d7-b810-dd55c374775b [2026-05-26T09:51:41.984084] NPM_CONFIG_LOGLEVEL=error (STDOUT, STG)#
#2026 05 26 09:51:49.343#Z#DEBUG#54eb74fc-58e8-11f1-a04b-eeee0a8789dc.ServicioRRHH-srv#flowable-async-job-executor-thread-1635#
[PollStageAppStatusExecution] 824b158a-2801-42d7-b810-dd55c374775b [2026-05-26T09:51:41.984185] NPM_CONFIG_PRODUCTION=true (STDOUT, STG)#
#2026 05 26 09:51:49.343#Z#DEBUG#54eb74fc-58e8-11f1-a04b-eeee0a8789dc.ServicioRRHH-srv#flowable-async-job-executor-thread-1635#
[PollStageAppStatusExecution] 824b158a-2801-42d7-b810-dd55c374775b [2026-05-26T09:51:41.984296] -----> Building dependencies (STDOUT, STG)#
#2026 05 26 09:51:49.343#Z#DEBUG#54eb74fc-58e8-11f1-a04b-eeee0a8789dc.ServicioRRHH-srv#flowable-async-job-executor-thread-1635#
[PollStageAppStatusExecution] 824b158a-2801-42d7-b810-dd55c374775b [2026-05-26T09:51:41.984335] Prebuild detected (node_modules already exists) (STDOUT, STG)#
#2026 05 26 09:51:49.343#Z#DEBUG#54eb74fc-58e8-11f1-a04b-eeee0a8789dc.ServicioRRHH-srv#flowable-async-job-executor-thread-1635#
[PollStageAppStatusExecution] 824b158a-2801-42d7-b810-dd55c374775b [2026-05-26T09:51:41.984427] Rebuilding any native modules (STDOUT, STG)#
#2026 05 26 09:51:49.343#Z#DEBUG#54eb74fc-58e8-11f1-a04b-eeee0a8789dc.ServicioRRHH-srv#flowable-async-job-executor-thread-1635#
[PollStageAppStatusExecution] 824b158a-2801-42d7-b810-dd55c374775b [2026-05-26T09:51:42.849737] rebuilt dependencies successfully (STDOUT, STG)#
#2026 05 26 09:51:49.343#Z#DEBUG#54eb74fc-58e8-11f1-a04b-eeee0a8789dc.ServicioRRHH-srv#flowable-async-job-executor-thread-1635#
[PollStageAppStatusExecution] 824b158a-2801-42d7-b810-dd55c374775b [2026-05-26T09:51:42.852078] npm notice (STDOUT, STG)#
#2026 05 26 09:51:49.343#Z#DEBUG#54eb74fc-58e8-11f1-a04b-eeee0a8789dc.ServicioRRHH-srv#flowable-async-job-executor-thread-1635#
[PollStageAppStatusExecution] 824b158a-2801-42d7-b810-dd55c374775b [2026-05-26T09:51:42.852107] npm notice New minor version of npm available! 11.6.2 -> 11.15.0 (STDOUT, STG)#
#2026 05 26 09:51:49.343#Z#DEBUG#54eb74fc-58e8-11f1-a04b-eeee0a8789dc.ServicioRRHH-srv#flowable-async-job-executor-thread-1635#
[PollStageAppStatusExecution] 824b158a-2801-42d7-b810-dd55c374775b [2026-05-26T09:51:42.852113] npm notice Changelog: https://github.com/npm/cli/releases/tag/v11.15.0 (STDOUT, STG)#
#2026 05 26 09:51:49.343#Z#DEBUG#54eb74fc-58e8-11f1-a04b-eeee0a8789dc.ServicioRRHH-srv#flowable-async-job-executor-thread-1635#
[PollStageAppStatusExecution] 824b158a-2801-42d7-b810-dd55c374775b [2026-05-26T09:51:42.852115] npm notice To update run: npm install -g npm@11.15.0 (STDOUT, STG)#
#2026 05 26 09:51:49.343#Z#DEBUG#54eb74fc-58e8-11f1-a04b-eeee0a8789dc.ServicioRRHH-srv#flowable-async-job-executor-thread-1635#
[PollStageAppStatusExecution] 824b158a-2801-42d7-b810-dd55c374775b [2026-05-26T09:51:42.852118] npm notice (STDOUT, STG)#
#2026 05 26 09:51:49.343#Z#DEBUG#54eb74fc-58e8-11f1-a04b-eeee0a8789dc.ServicioRRHH-srv#flowable-async-job-executor-thread-1635#
[PollStageAppStatusExecution] 824b158a-2801-42d7-b810-dd55c374775b [2026-05-26T09:51:42.926358] Installing any new modules (package.json + package-lock.json) (STDOUT, STG)#
#2026 05 26 09:51:49.343#Z#DEBUG#54eb74fc-58e8-11f1-a04b-eeee0a8789dc.ServicioRRHH-srv#flowable-async-job-executor-thread-1635#
[PollStageAppStatusExecution] 824b158a-2801-42d7-b810-dd55c374775b [2026-05-26T09:51:43.711451] up to date in 694ms (STDOUT, STG)#
#2026 05 26 09:51:49.343#Z#DEBUG#54eb74fc-58e8-11f1-a04b-eeee0a8789dc.ServicioRRHH-srv#flowable-async-job-executor-thread-1635#
[PollStageAppStatusExecution] 824b158a-2801-42d7-b810-dd55c374775b [2026-05-26T09:51:43.711480] 27 packages are looking for funding (STDOUT, STG)#
#2026 05 26 09:51:49.343#Z#DEBUG#54eb74fc-58e8-11f1-a04b-eeee0a8789dc.ServicioRRHH-srv#flowable-async-job-executor-thread-1635#
[PollStageAppStatusExecution] 824b158a-2801-42d7-b810-dd55c374775b [2026-05-26T09:51:43.711484] run `npm fund` for details (STDOUT, STG)#
#2026 05 26 09:51:49.343#Z#DEBUG#54eb74fc-58e8-11f1-a04b-eeee0a8789dc.ServicioRRHH-srv#flowable-async-job-executor-thread-1635#
[PollStageAppStatusExecution] 824b158a-2801-42d7-b810-dd55c374775b [2026-05-26T09:51:44.557228] Contrast Security no credentials found. Will not write environment files. (STDOUT, STG)#
#2026 05 26 09:51:59.375#Z#DEBUG#54eb74fc-58e8-11f1-a04b-eeee0a8789dc.ServicioRRHH-srv#flowable-async-job-executor-thread-1699#
[PollStageAppStatusExecution] 824b158a-2801-42d7-b810-dd55c374775b [2026-05-26T09:51:54.832909] Exit status 0 (STDOUT, STG)#
#2026 05 26 09:51:59.375#Z#DEBUG#54eb74fc-58e8-11f1-a04b-eeee0a8789dc.ServicioRRHH-srv#flowable-async-job-executor-thread-1699#
[PollStageAppStatusExecution] 824b158a-2801-42d7-b810-dd55c374775b [2026-05-26T09:51:54.832950] Uploading droplet, build artifacts cache... (STDOUT, STG)#
#2026 05 26 09:51:59.375#Z#DEBUG#54eb74fc-58e8-11f1-a04b-eeee0a8789dc.ServicioRRHH-srv#flowable-async-job-executor-thread-1699#
[PollStageAppStatusExecution] 824b158a-2801-42d7-b810-dd55c374775b [2026-05-26T09:51:54.832986] Uploading droplet... (STDOUT, STG)#
#2026 05 26 09:51:59.375#Z#DEBUG#54eb74fc-58e8-11f1-a04b-eeee0a8789dc.ServicioRRHH-srv#flowable-async-job-executor-thread-1699#
[PollStageAppStatusExecution] 824b158a-2801-42d7-b810-dd55c374775b [2026-05-26T09:51:54.833225] Uploading build artifacts cache... (STDOUT, STG)#
#2026 05 26 09:51:59.375#Z#DEBUG#54eb74fc-58e8-11f1-a04b-eeee0a8789dc.ServicioRRHH-srv#flowable-async-job-executor-thread-1699#
[PollStageAppStatusExecution] 824b158a-2801-42d7-b810-dd55c374775b [2026-05-26T09:51:54.855008] Uploaded build artifacts cache (217B) (STDOUT, STG)#
#2026 05 26 09:51:59.375#Z#DEBUG#54eb74fc-58e8-11f1-a04b-eeee0a8789dc.ServicioRRHH-srv#flowable-async-job-executor-thread-1699#
[PollStageAppStatusExecution] 824b158a-2801-42d7-b810-dd55c374775b [2026-05-26T09:51:55.559820] Creating droplet for app with guid 824b158a-2801-42d7-b810-dd55c374775b (STDOUT, API)#
#2026 05 26 09:51:59.375#Z#DEBUG#54eb74fc-58e8-11f1-a04b-eeee0a8789dc.ServicioRRHH-srv#flowable-async-job-executor-thread-1699#
[PollStageAppStatusExecution] 824b158a-2801-42d7-b810-dd55c374775b [2026-05-26T09:51:56.626833] Uploaded droplet (59.1M) (STDOUT, STG)#
#2026 05 26 09:51:59.375#Z#DEBUG#54eb74fc-58e8-11f1-a04b-eeee0a8789dc.ServicioRRHH-srv#flowable-async-job-executor-thread-1699#
[PollStageAppStatusExecution] 824b158a-2801-42d7-b810-dd55c374775b [2026-05-26T09:51:56.647272] Uploading complete (STDOUT, STG)#
#2026 05 26 09:51:59.375#Z#DEBUG#54eb74fc-58e8-11f1-a04b-eeee0a8789dc.ServicioRRHH-srv#flowable-async-job-executor-thread-1699#
[PollStageAppStatusExecution] 824b158a-2801-42d7-b810-dd55c374775b [2026-05-26T09:51:58.058577] Cell d1cc041a-d5a1-41d6-b9f6-6cda736ce3f0 stopping instance 85c227a1-53b1-4d15-82cd-c5197375ab96 (STDOUT, STG)#
#2026 05 26 09:51:59.375#Z#DEBUG#54eb74fc-58e8-11f1-a04b-eeee0a8789dc.ServicioRRHH-srv#flowable-async-job-executor-thread-1699#
[PollStageAppStatusExecution] 824b158a-2801-42d7-b810-dd55c374775b [2026-05-26T09:51:58.058611] Cell d1cc041a-d5a1-41d6-b9f6-6cda736ce3f0 destroying container for instance 85c227a1-53b1-4d15-82cd-c5197375ab96 (STDOUT, STG)#
#2026 05 26 09:51:59.375#Z#DEBUG#54eb74fc-58e8-11f1-a04b-eeee0a8789dc.ServicioRRHH-srv#flowable-async-job-executor-thread-1699#
[PollStageAppStatusExecution] 824b158a-2801-42d7-b810-dd55c374775b [2026-05-26T09:51:58.104457] Staging complete for build 85c227a1-53b1-4d15-82cd-c5197375ab96 (STDOUT, API)#
#2026 05 26 09:52:09.508#Z#DEBUG#54eb74fc-58e8-11f1-a04b-eeee0a8789dc.ServicioRRHH-srv#flowable-async-job-executor-thread-1709#
[PollStartAppStatusExecution] 824b158a-2801-42d7-b810-dd55c374775b [2026-05-26T09:51:59.445291] Updated app with guid 824b158a-2801-42d7-b810-dd55c374775b ({:droplet_guid=>"e349a49f-55cb-455d-a443-9df035d42d76"}) (STDOUT, API)#
#2026 05 26 09:52:09.508#Z#DEBUG#54eb74fc-58e8-11f1-a04b-eeee0a8789dc.ServicioRRHH-srv#flowable-async-job-executor-thread-1709#
[PollStartAppStatusExecution] 824b158a-2801-42d7-b810-dd55c374775b [2026-05-26T09:51:59.649774] Creating revision for app with guid 824b158a-2801-42d7-b810-dd55c374775b (STDOUT, API)#
#2026 05 26 09:52:09.508#Z#DEBUG#54eb74fc-58e8-11f1-a04b-eeee0a8789dc.ServicioRRHH-srv#flowable-async-job-executor-thread-1709#
[PollStartAppStatusExecution] 824b158a-2801-42d7-b810-dd55c374775b [2026-05-26T09:51:59.687411] Starting app with guid 824b158a-2801-42d7-b810-dd55c374775b (STDOUT, API)#
#2026 05 26 09:52:09.508#Z#DEBUG#54eb74fc-58e8-11f1-a04b-eeee0a8789dc.ServicioRRHH-srv#flowable-async-job-executor-thread-1709#
[PollStartAppStatusExecution] 824b158a-2801-42d7-b810-dd55c374775b [2026-05-26T09:51:59.979760] Cell 684caff8-89cd-492b-be01-b3d0835f1763 creating container for instance 267d4365-d064-402e-762a-05f1 (STDOUT, CELL)#
#2026 05 26 09:52:09.508#Z#DEBUG#54eb74fc-58e8-11f1-a04b-eeee0a8789dc.ServicioRRHH-srv#flowable-async-job-executor-thread-1709#
[PollStartAppStatusExecution] 824b158a-2801-42d7-b810-dd55c374775b [2026-05-26T09:52:00.835334] Security group rules were updated (STDOUT, CELL)#
#2026 05 26 09:52:09.508#Z#DEBUG#54eb74fc-58e8-11f1-a04b-eeee0a8789dc.ServicioRRHH-srv#flowable-async-job-executor-thread-1709#
[PollStartAppStatusExecution] 824b158a-2801-42d7-b810-dd55c374775b [2026-05-26T09:52:00.945729] Cell 684caff8-89cd-492b-be01-b3d0835f1763 successfully created container for instance 267d4365-d064-402e-762a-05f1 (STDOUT, CELL)#
#2026 05 26 09:52:09.508#Z#DEBUG#54eb74fc-58e8-11f1-a04b-eeee0a8789dc.ServicioRRHH-srv#flowable-async-job-executor-thread-1709#
[PollStartAppStatusExecution] 824b158a-2801-42d7-b810-dd55c374775b [2026-05-26T09:52:01.095075] Cell d1cc041a-d5a1-41d6-b9f6-6cda736ce3f0 successfully destroyed container for instance 85c227a1-53b1-4d15-82cd-c5197375ab96 (STDOUT, STG)#
#2026 05 26 09:52:09.508#Z#DEBUG#54eb74fc-58e8-11f1-a04b-eeee0a8789dc.ServicioRRHH-srv#flowable-async-job-executor-thread-1709#
[PollStartAppStatusExecution] 824b158a-2801-42d7-b810-dd55c374775b [2026-05-26T09:52:01.690491] Downloading droplet... (STDOUT, CELL)#
#2026 05 26 09:52:09.508#Z#DEBUG#54eb74fc-58e8-11f1-a04b-eeee0a8789dc.ServicioRRHH-srv#flowable-async-job-executor-thread-1709#
[PollStartAppStatusExecution] 824b158a-2801-42d7-b810-dd55c374775b [2026-05-26T09:52:05.931129] Downloaded droplet (59.1M) (STDOUT, CELL)#
#2026 05 26 09:52:09.508#Z#DEBUG#54eb74fc-58e8-11f1-a04b-eeee0a8789dc.ServicioRRHH-srv#flowable-async-job-executor-thread-1709#
[PollStartAppStatusExecution] 824b158a-2801-42d7-b810-dd55c374775b [2026-05-26T09:52:05.931255] Starting health monitoring of container (STDOUT, CELL)#
#2026 05 26 09:52:09.508#Z#DEBUG#54eb74fc-58e8-11f1-a04b-eeee0a8789dc.ServicioRRHH-srv#flowable-async-job-executor-thread-1709#
[PollStartAppStatusExecution] 824b158a-2801-42d7-b810-dd55c374775b [2026-05-26T09:52:06.070644] Invoking pre-start scripts. (STDOUT, APP/PROC/WEB)#
#2026 05 26 09:52:09.508#Z#DEBUG#54eb74fc-58e8-11f1-a04b-eeee0a8789dc.ServicioRRHH-srv#flowable-async-job-executor-thread-1709#
[PollStartAppStatusExecution] 824b158a-2801-42d7-b810-dd55c374775b [2026-05-26T09:52:06.301624] Invoking start command. (STDOUT, APP/PROC/WEB)#
#2026 05 26 09:52:09.508#Z#DEBUG#54eb74fc-58e8-11f1-a04b-eeee0a8789dc.ServicioRRHH-srv#flowable-async-job-executor-thread-1709#
[PollStartAppStatusExecution] 824b158a-2801-42d7-b810-dd55c374775b [2026-05-26T09:52:06.769376] > ServicioRRHH@1.0.0 start (STDOUT, APP/PROC/WEB)#
#2026 05 26 09:52:09.508#Z#DEBUG#54eb74fc-58e8-11f1-a04b-eeee0a8789dc.ServicioRRHH-srv#flowable-async-job-executor-thread-1709#
[PollStartAppStatusExecution] 824b158a-2801-42d7-b810-dd55c374775b [2026-05-26T09:52:06.769395] > cds-serve (STDOUT, APP/PROC/WEB)#
#2026 05 26 09:52:09.508#Z#DEBUG#54eb74fc-58e8-11f1-a04b-eeee0a8789dc.ServicioRRHH-srv#flowable-async-job-executor-thread-1709#
[PollStartAppStatusExecution] 824b158a-2801-42d7-b810-dd55c374775b [2026-05-26T09:52:07.062447] {"level":"info","logger":"cds","timestamp":"2026-05-26T09:52:07.061Z","layer":"cds","component_type":"application","container_id":"10.32.1.6","component_id":"824b158a-2801-42d7-b810-dd55c374775b","component_name":"ServicioRRHH-srv","component_instance":0,"source_instance":0,"organization_name":"3c6c6e44trial","organization_id":"9970ab68-97ac-4675-997f-51feb339e9bf","space_name":"dev","space_id":"b8586e3c-3d35-44f1-bd0c-5ed01295d82b","msg":"loaded model from 1 file(s):\n ","type":"log"} (STDOUT, APP/PROC/WEB)#
#2026 05 26 09:52:09.508#Z#DEBUG#54eb74fc-58e8-11f1-a04b-eeee0a8789dc.ServicioRRHH-srv#flowable-async-job-executor-thread-1709#
[PollStartAppStatusExecution] 824b158a-2801-42d7-b810-dd55c374775b [2026-05-26T09:52:07.065831] srv/csn.json (STDOUT, APP/PROC/WEB)#
#2026 05 26 09:52:09.508#Z#DEBUG#54eb74fc-58e8-11f1-a04b-eeee0a8789dc.ServicioRRHH-srv#flowable-async-job-executor-thread-1709#
[PollStartAppStatusExecution] 824b158a-2801-42d7-b810-dd55c374775b [2026-05-26T09:52:07.284944] {"level":"info","logger":"cds","timestamp":"2026-05-26T09:52:07.284Z","layer":"cds","component_type":"application","container_id":"10.32.1.6","component_id":"824b158a-2801-42d7-b810-dd55c374775b","component_name":"ServicioRRHH-srv","component_instance":0,"source_instance":0,"organization_name":"3c6c6e44trial","organization_id":"9970ab68-97ac-4675-997f-51feb339e9bf","space_name":"dev","space_id":"b8586e3c-3d35-44f1-bd0c-5ed01295d82b","msg":"connect to db > hana {\n  database_id: '87bbc19d-e8cc-47a8-b446-9304c37bf33e',\n  host: '87bbc19d-e8cc-47a8-b446-9304c37bf33e.hna1.prod-us10.hanacloud.ondemand.com',\n  port: '443',\n  driver: 'com.sap.db.jdbc.Driver',\n  url: 'jdbc:sap://87bbc19d-e8cc-47a8-b446-9304c37bf33e.hna1.prod-us10.hanacloud.ondemand.com:443?encrypt=true&validateCertificate=true&currentschema=9C05CCF0A9C44DB786679B854C06C969',\n  schema: '9C05CCF0A9C44DB786679B854C06C969',\n  certificate: '...',\n  hdi_user: '9C05CCF0A9C44DB786679B854C06C969_B2J6UDMP1J6KPZDTWEPIVO7MB_DT',\n  hdi_password: '...',\n  user: '9C05CCF0A9C44DB786679B854C06C969_B2J6UDMP1J6KPZDTWEPIVO7MB_RT',\n  password: '...'\n}","type":"log"} (STDOUT, APP/PROC/WEB)#
#2026 05 26 09:52:09.508#Z#DEBUG#54eb74fc-58e8-11f1-a04b-eeee0a8789dc.ServicioRRHH-srv#flowable-async-job-executor-thread-1709#
[PollStartAppStatusExecution] 824b158a-2801-42d7-b810-dd55c374775b [2026-05-26T09:52:07.323101] {"level":"info","logger":"cds","timestamp":"2026-05-26T09:52:07.322Z","layer":"cds","component_type":"application","container_id":"10.32.1.6","component_id":"824b158a-2801-42d7-b810-dd55c374775b","component_name":"ServicioRRHH-srv","component_instance":0,"source_instance":0,"organization_name":"3c6c6e44trial","organization_id":"9970ab68-97ac-4675-997f-51feb339e9bf","space_name":"dev","space_id":"b8586e3c-3d35-44f1-bd0c-5ed01295d82b","msg":"using auth strategy { kind: 'xsuaa' }","type":"log"} (STDOUT, APP/PROC/WEB)#
#2026 05 26 09:52:09.508#Z#DEBUG#54eb74fc-58e8-11f1-a04b-eeee0a8789dc.ServicioRRHH-srv#flowable-async-job-executor-thread-1709#
[PollStartAppStatusExecution] 824b158a-2801-42d7-b810-dd55c374775b [2026-05-26T09:52:07.385610] {"level":"info","logger":"cds","timestamp":"2026-05-26T09:52:07.385Z","layer":"cds","component_type":"application","container_id":"10.32.1.6","component_id":"824b158a-2801-42d7-b810-dd55c374775b","component_name":"ServicioRRHH-srv","component_instance":0,"source_instance":0,"organization_name":"3c6c6e44trial","organization_id":"9970ab68-97ac-4675-997f-51feb339e9bf","space_name":"dev","space_id":"b8586e3c-3d35-44f1-bd0c-5ed01295d82b","msg":"serving rrhhService {\n  at: [ '/rrhh-srv' ],\n  decl: 'srv/csn.json:158',\n  impl: 'srv/service.js'\n}","type":"log"} (STDOUT, APP/PROC/WEB)#
#2026 05 26 09:52:09.508#Z#DEBUG#54eb74fc-58e8-11f1-a04b-eeee0a8789dc.ServicioRRHH-srv#flowable-async-job-executor-thread-1709#
[PollStartAppStatusExecution] 824b158a-2801-42d7-b810-dd55c374775b [2026-05-26T09:52:07.395321] {"level":"info","logger":"cds","timestamp":"2026-05-26T09:52:07.394Z","layer":"cds","component_type":"application","container_id":"10.32.1.6","component_id":"824b158a-2801-42d7-b810-dd55c374775b","component_name":"ServicioRRHH-srv","component_instance":0,"source_instance":0,"organization_name":"3c6c6e44trial","organization_id":"9970ab68-97ac-4675-997f-51feb339e9bf","space_name":"dev","space_id":"b8586e3c-3d35-44f1-bd0c-5ed01295d82b","msg":"server listening on { url: 'http://localhost:8080' }","type":"log"} (STDOUT, APP/PROC/WEB)#
#2026 05 26 09:52:09.508#Z#DEBUG#54eb74fc-58e8-11f1-a04b-eeee0a8789dc.ServicioRRHH-srv#flowable-async-job-executor-thread-1709#
[PollStartAppStatusExecution] 824b158a-2801-42d7-b810-dd55c374775b [2026-05-26T09:52:07.396767] {"level":"info","logger":"cds","timestamp":"2026-05-26T09:52:07.396Z","layer":"cds","component_type":"application","container_id":"10.32.1.6","component_id":"824b158a-2801-42d7-b810-dd55c374775b","component_name":"ServicioRRHH-srv","component_instance":0,"source_instance":0,"organization_name":"3c6c6e44trial","organization_id":"9970ab68-97ac-4675-997f-51feb339e9bf","space_name":"dev","space_id":"b8586e3c-3d35-44f1-bd0c-5ed01295d82b","msg":"server v9.9.1 launched in 615 ms","type":"log"} (STDOUT, APP/PROC/WEB)#
#2026 05 26 09:52:09.508#Z#DEBUG#54eb74fc-58e8-11f1-a04b-eeee0a8789dc.ServicioRRHH-srv#flowable-async-job-executor-thread-1709#
[PollStartAppStatusExecution] 824b158a-2801-42d7-b810-dd55c374775b [2026-05-26T09:52:08.993066] Container became healthy (STDOUT, CELL)#
#2026 05 26 09:52:09.508#Z#DEBUG#54eb74fc-58e8-11f1-a04b-eeee0a8789dc.ServicioRRHH-srv#flowable-async-job-executor-thread-1709#
[PollStartAppStatusExecution] 824b158a-2801-42d7-b810-dd55c374775b [2026-05-26T09:52:09.017771] Process became ready with guid 824b158a-2801-42d7-b810-dd55c374775b payload: {"instance"=>"267d4365-d064-402e-762a-05f1", "index"=>0, "cell_id"=>"684caff8-89cd-492b-be01-b3d0835f1763", "ready"=>true, "version"=>"b4667ced-7df6-427c-85bd-15dce0f9a1a6"} (STDOUT, API)#
